Archive member included because of file (symbol)

/home/lex/tmp/my/open-ath9k-htc-firmware/target_firmware/magpie_fw_dev/build/k2_1_0/image/k2_ram/../../../..//build/k2_1_0/lib/ram/libcmnos.a(k2_cmnos_clock_patch.o)
                              /home/lex/tmp/my/open-ath9k-htc-firmware/target_firmware/magpie_fw_dev/build/k2_1_0/image/k2_ram/../../../..//build/k2_1_0/ram/init/obj/app_start.o (cmnos_clock_init_patch)
/home/lex/tmp/my/open-ath9k-htc-firmware/target_firmware/magpie_fw_dev/build/k2_1_0/image/k2_ram/../../../..//build/k2_1_0/lib/ram/libcmnos.a(k2_fw_cmnos_printf.o)
                              /home/lex/tmp/my/open-ath9k-htc-firmware/target_firmware/magpie_fw_dev/build/k2_1_0/image/k2_ram/../../../..//build/k2_1_0/ram/init/obj/app_start.o (fw_cmnos_printf)
/home/lex/tmp/my/open-ath9k-htc-firmware/target_firmware/magpie_fw_dev/build/k2_1_0/image/k2_ram/../../../..//build/k2_1_0/lib/ram/libadf.a(adf_nbuf.o)
                              /home/lex/tmp/my/open-ath9k-htc-firmware/target_firmware/magpie_fw_dev/build/k2_1_0/image/k2_ram/../../../..//build/k2_1_0/ram/init/obj/magpie.o (__adf_nbuf_put_tail)
/home/lex/tmp/my/open-ath9k-htc-firmware/target_firmware/magpie_fw_dev/build/k2_1_0/image/k2_ram/../../../..//build/k2_1_0/lib/ram/libwmi.a(wmi_svc.o)
                              /home/lex/tmp/my/open-ath9k-htc-firmware/target_firmware/magpie_fw_dev/build/k2_1_0/image/k2_ram/../../../..//build/k2_1_0/ram/init/obj/app_start.o (WMI_service_module_install)
/home/lex/tmp/my/open-ath9k-htc-firmware/target_firmware/magpie_fw_dev/build/k2_1_0/image/k2_ram/../../../..//build/k2_1_0/lib/ram/libwlan.a(wlan_pci.o)
                              /home/lex/tmp/my/open-ath9k-htc-firmware/target_firmware/magpie_fw_dev/build/k2_1_0/image/k2_ram/../../../..//build/k2_1_0/ram/init/obj/app_start.o (wlan_pci_module_init)
/home/lex/tmp/my/open-ath9k-htc-firmware/target_firmware/magpie_fw_dev/build/k2_1_0/image/k2_ram/../../../..//build/k2_1_0/lib/ram/libcarrier_apd.a(if_ath_pci.o)
                              /home/lex/tmp/my/open-ath9k-htc-firmware/target_firmware/magpie_fw_dev/build/k2_1_0/image/k2_ram/../../../..//build/k2_1_0/lib/ram/libwlan.a(wlan_pci.o) (g_pci_init_func)
/home/lex/tmp/my/open-ath9k-htc-firmware/target_firmware/magpie_fw_dev/build/k2_1_0/image/k2_ram/../../../..//build/k2_1_0/lib/ram/libcarrier_apd.a(if_ath.o)
                              /home/lex/tmp/my/open-ath9k-htc-firmware/target_firmware/magpie_fw_dev/build/k2_1_0/image/k2_ram/../../../..//build/k2_1_0/lib/ram/libcarrier_apd.a(if_ath_pci.o) (ath_intr)
/home/lex/tmp/my/open-ath9k-htc-firmware/target_firmware/magpie_fw_dev/build/k2_1_0/image/k2_ram/../../../..//build/k2_1_0/lib/ram/libcarrier_apd.a(if_owl.o)
                              /home/lex/tmp/my/open-ath9k-htc-firmware/target_firmware/magpie_fw_dev/build/k2_1_0/image/k2_ram/../../../..//build/k2_1_0/lib/ram/libcarrier_apd.a(if_ath.o) (owl_tgt_node_init)
/home/lex/tmp/my/open-ath9k-htc-firmware/target_firmware/magpie_fw_dev/build/k2_1_0/image/k2_ram/../../../..//build/k2_1_0/lib/ram/libcarrier_apd.a(ieee80211_output.o)
                              /home/lex/tmp/my/open-ath9k-htc-firmware/target_firmware/magpie_fw_dev/build/k2_1_0/image/k2_ram/../../../..//build/k2_1_0/lib/ram/libcarrier_apd.a(if_owl.o) (ieee80211_tgt_crypto_encap)
/home/lex/tmp/my/open-ath9k-htc-firmware/target_firmware/magpie_fw_dev/build/k2_1_0/image/k2_ram/../../../..//build/k2_1_0/lib/ram/libcarrier_apd.a(ratectrl_11n_ln.o)
                              /home/lex/tmp/my/open-ath9k-htc-firmware/target_firmware/magpie_fw_dev/build/k2_1_0/image/k2_ram/../../../..//build/k2_1_0/lib/ram/libcarrier_apd.a(if_owl.o) (ath_tx_status_update_rate)
/home/lex/tmp/my/open-ath9k-htc-firmware/target_firmware/magpie_fw_dev/build/k2_1_0/image/k2_ram/../../../..//build/k2_1_0/lib/ram/libcarrier_apd.a(ah.o)
                              /home/lex/tmp/my/open-ath9k-htc-firmware/target_firmware/magpie_fw_dev/build/k2_1_0/image/k2_ram/../../../..//build/k2_1_0/lib/ram/libcarrier_apd.a(if_owl.o) (ath_hal_computetxtime)
/home/lex/tmp/my/open-ath9k-htc-firmware/target_firmware/magpie_fw_dev/build/k2_1_0/image/k2_ram/../../../..//build/k2_1_0/lib/ram/libcarrier_apd.a(ar5416_hw.o)
                              /home/lex/tmp/my/open-ath9k-htc-firmware/target_firmware/magpie_fw_dev/build/k2_1_0/image/k2_ram/../../../..//build/k2_1_0/lib/ram/libcarrier_apd.a(ah.o) (ar5416Attach)
/home/lex/tmp/my/open-ath9k-htc-firmware/target_firmware/magpie_fw_dev/build/k2_1_0/image/k2_ram/../../../..//build/k2_1_0/lib/ram/libcarrier_apd.a(ar5416_phy.o)
                              /home/lex/tmp/my/open-ath9k-htc-firmware/target_firmware/magpie_fw_dev/build/k2_1_0/image/k2_ram/../../../..//build/k2_1_0/lib/ram/libcarrier_apd.a(ar5416_hw.o) (ar5416GetRateTable)
/home/lex/tmp/my/open-ath9k-htc-firmware/target_firmware/magpie_fw_dev/build/k2_1_0/image/k2_ram/../../../..//build/k2_1_0/lib/ram/libcarrier_apd.a(ah_osdep.o)
                              /home/lex/tmp/my/open-ath9k-htc-firmware/target_firmware/magpie_fw_dev/build/k2_1_0/image/k2_ram/../../../..//build/k2_1_0/lib/ram/libcarrier_apd.a(ratectrl_11n_ln.o) (ath_hal_getuptime)
/home/lex/tmp/my/open-ath9k-htc-firmware/target_firmware/magpie_fw_dev/build/k2_1_0/image/k2_ram/../../../..//build/k2_1_0/lib/ram/libcarrier_apd.a(ar5416Phy.o)
                              /home/lex/tmp/my/open-ath9k-htc-firmware/target_firmware/magpie_fw_dev/build/k2_1_0/image/k2_ram/../../../..//build/k2_1_0/lib/ram/libcarrier_apd.a(ratectrl_11n_ln.o) (ar5416AttachRateTables)
/home/lex/tmp/my/open-ath9k-htc-firmware/target_firmware/magpie_fw_dev/build/k2_1_0/image/k2_ram/../../../..//build/k2_1_0/lib/ram/libbuf_pool.a(buf_pool_static.o)
                              /home/lex/tmp/my/open-ath9k-htc-firmware/target_firmware/magpie_fw_dev/build/k2_1_0/image/k2_ram/../../../..//build/k2_1_0/ram/init/obj/app_start.o (buf_pool_module_install)
/home/lex/tmp/my/open-ath9k-htc-firmware/target_firmware/magpie_fw_dev/build/k2_1_0/image/k2_ram/../../../..//build/k2_1_0/lib/ram/libhif.a(k2_fw_usb_api.o)
                              /home/lex/tmp/my/open-ath9k-htc-firmware/target_firmware/magpie_fw_dev/build/k2_1_0/image/k2_ram/../../../..//build/k2_1_0/ram/init/obj/app_start.o (_fw_usbfifo_init)
/home/lex/tmp/my/open-ath9k-htc-firmware/target_firmware/magpie_fw_dev/build/k2_1_0/image/k2_ram/../../../..//build/k2_1_0/lib/ram/libhif.a(k2_HIF_usb_patch.o)
                              /home/lex/tmp/my/open-ath9k-htc-firmware/target_firmware/magpie_fw_dev/build/k2_1_0/image/k2_ram/../../../..//build/k2_1_0/ram/init/obj/app_start.o (_HIFusb_get_max_msg_len_patch)
/home/lex/tmp/my/open-ath9k-htc-firmware/target_firmware/magpie_fw_dev/build/k2_1_0/image/k2_ram/../../../..//build/k2_1_0/lib/ram/libhtc.a(htc.o)
                              /home/lex/tmp/my/open-ath9k-htc-firmware/target_firmware/magpie_fw_dev/build/k2_1_0/image/k2_ram/../../../..//build/k2_1_0/ram/init/obj/app_start.o (htc_module_install)
/home/lex/tmp/my/open-ath9k-htc-firmware/target_firmware/magpie_fw_dev/build/k2_1_0/image/k2_ram/../../../..//build/k2_1_0/lib/ram/libadf.a(adf_net.o)
                              /home/lex/tmp/my/open-ath9k-htc-firmware/target_firmware/magpie_fw_dev/build/k2_1_0/image/k2_ram/../../../..//build/k2_1_0/lib/ram/libcarrier_apd.a(if_ath_pci.o) (__adf_net_register_drv)
/home/lex/tmp/my/open-ath9k-htc-firmware/target_firmware/magpie_fw_dev/build/k2_1_0/image/k2_ram/../../../..//build/k2_1_0/lib/ram/libadf.a(adf_os_dma.o)
                              /home/lex/tmp/my/open-ath9k-htc-firmware/target_firmware/magpie_fw_dev/build/k2_1_0/image/k2_ram/../../../..//build/k2_1_0/lib/ram/libcarrier_apd.a(if_ath.o) (__adf_os_dmamem_alloc)
/home/lex/tmp/my/open-ath9k-htc-firmware/target_firmware/magpie_fw_dev/build/k2_1_0/image/k2_ram/../../../..//build/k2_1_0/lib/ram/libadf.a(adf_os_irq_pvt.o)
                              /home/lex/tmp/my/open-ath9k-htc-firmware/target_firmware/magpie_fw_dev/build/k2_1_0/image/k2_ram/../../../..//build/k2_1_0/lib/ram/libcarrier_apd.a(if_ath_pci.o) (__adf_os_setup_intr)

Allocating common symbols
Common symbol       size              file

save_cmnos_printf   0x4               /home/lex/tmp/my/open-ath9k-htc-firmware/target_firmware/magpie_fw_dev/build/k2_1_0/image/k2_ram/../../../..//build/k2_1_0/ram/init/obj/init.o
_assfail_ori        0x4               /home/lex/tmp/my/open-ath9k-htc-firmware/target_firmware/magpie_fw_dev/build/k2_1_0/image/k2_ram/../../../..//build/k2_1_0/ram/init/obj/app_start.o
htc_handle          0x4               /home/lex/tmp/my/open-ath9k-htc-firmware/target_firmware/magpie_fw_dev/build/k2_1_0/image/k2_ram/../../../..//build/k2_1_0/ram/init/obj/magpie.o
g_poolCtx           0x2c              /home/lex/tmp/my/open-ath9k-htc-firmware/target_firmware/magpie_fw_dev/build/k2_1_0/image/k2_ram/../../../..//build/k2_1_0/lib/ram/libbuf_pool.a(buf_pool_static.o)
ConfigDescriptorPatch
                    0x3c              /home/lex/tmp/my/open-ath9k-htc-firmware/target_firmware/magpie_fw_dev/build/k2_1_0/image/k2_ram/../../../..//build/k2_1_0/lib/ram/libhif.a(k2_fw_usb_api.o)

↵
Speichereinrichtung
↵

Name             Ursprung           Länge             Eigenschaften
lit_seg          0x00000000004e5200 0x000000000001de00
iram_seg         0x0000000000903000 0x0000000000009b40
dram_seg         0x000000000050cb40 0x0000000000001800
*default*        0x0000000000000000 0xffffffffffffffff

Linker script and memory map

LOAD /home/lex/tmp/my/open-ath9k-htc-firmware/target_firmware/magpie_fw_dev/build/k2_1_0/image/k2_ram/../../../..//build/k2_1_0/ram/init/obj/app_start.o
LOAD /home/lex/tmp/my/open-ath9k-htc-firmware/target_firmware/magpie_fw_dev/build/k2_1_0/image/k2_ram/../../../..//build/k2_1_0/ram/init/obj/init.o
LOAD /home/lex/tmp/my/open-ath9k-htc-firmware/target_firmware/magpie_fw_dev/build/k2_1_0/image/k2_ram/../../../..//build/k2_1_0/ram/init/obj/magpie.o

.lit4           0x00000000004e5200    0x1be00
                0x00000000004e5200                _rom_literal_start = ABSOLUTE (.)
                0x0000000000501000                . = (. + 0x1be00)
 *fill*         0x00000000004e5200    0x1be00 
                0x0000000000501000                _lit4_start = ABSOLUTE (.)
                0x0000000000501000                _lit4_end = ABSOLUTE (.)
                0x0000000000501000                _rom_literal_end = ABSOLUTE (.)

.dport0.rodata  0x0000000000501000        0x0
                0x0000000000501000                _dport0_rodata_start = ABSOLUTE (.)
 *(.dport0.rodata)
 *(.dport.rodata)
                0x0000000000501000                _dport0_rodata_end = ABSOLUTE (.)

.dport0.literal
                0x0000000000501000        0x0
                0x0000000000501000                _dport0_literal_start = ABSOLUTE (.)
 *(.dport0.literal)
 *(.dport.literal)
                0x0000000000501000                _dport0_literal_end = ABSOLUTE (.)

.dram0.rodata   0x0000000000501000        0x0
                0x0000000000501000                _dram0_rodata_start = ABSOLUTE (.)
 *(.dram0.rodata)
 *(.dram.rodata)
                0x0000000000501000                _dram0_rodata_end = ABSOLUTE (.)

.rodata         0x0000000000501000      0x54c
                0x0000000000501000                _rodata_start = ABSOLUTE (.)
 *(.rodata)
 .rodata        0x0000000000501000        0xd /home/lex/tmp/my/open-ath9k-htc-firmware/target_firmware/magpie_fw_dev/build/k2_1_0/image/k2_ram/../../../..//build/k2_1_0/ram/init/obj/magpie.o
 *fill*         0x000000000050100d        0x3 
 .rodata        0x0000000000501010       0x38 /home/lex/tmp/my/open-ath9k-htc-firmware/target_firmware/magpie_fw_dev/build/k2_1_0/image/k2_ram/../../../..//build/k2_1_0/lib/ram/libcarrier_apd.a(if_ath.o)
 .rodata        0x0000000000501048       0x51 /home/lex/tmp/my/open-ath9k-htc-firmware/target_firmware/magpie_fw_dev/build/k2_1_0/image/k2_ram/../../../..//build/k2_1_0/lib/ram/libcarrier_apd.a(if_owl.o)
 *fill*         0x0000000000501099        0x3 
 .rodata        0x000000000050109c       0x28 /home/lex/tmp/my/open-ath9k-htc-firmware/target_firmware/magpie_fw_dev/build/k2_1_0/image/k2_ram/../../../..//build/k2_1_0/lib/ram/libcarrier_apd.a(ratectrl_11n_ln.o)
 .rodata        0x00000000005010c4       0xf8 /home/lex/tmp/my/open-ath9k-htc-firmware/target_firmware/magpie_fw_dev/build/k2_1_0/image/k2_ram/../../../..//build/k2_1_0/lib/ram/libcarrier_apd.a(ar5416_hw.o)
 *(.rodata.*)
 .rodata.str1.4
                0x00000000005011bc       0x92 /home/lex/tmp/my/open-ath9k-htc-firmware/target_firmware/magpie_fw_dev/build/k2_1_0/image/k2_ram/../../../..//build/k2_1_0/ram/init/obj/app_start.o
 *fill*         0x000000000050124e        0x2 
 .rodata.str1.4
                0x0000000000501250       0x59 /home/lex/tmp/my/open-ath9k-htc-firmware/target_firmware/magpie_fw_dev/build/k2_1_0/image/k2_ram/../../../..//build/k2_1_0/ram/init/obj/magpie.o
 *fill*         0x00000000005012a9        0x3 
 .rodata.str1.4
                0x00000000005012ac       0x39 /home/lex/tmp/my/open-ath9k-htc-firmware/target_firmware/magpie_fw_dev/build/k2_1_0/image/k2_ram/../../../..//build/k2_1_0/lib/ram/libcmnos.a(k2_fw_cmnos_printf.o)
 *fill*         0x00000000005012e5        0x3 
 .rodata.str1.4
                0x00000000005012e8       0x6d /home/lex/tmp/my/open-ath9k-htc-firmware/target_firmware/magpie_fw_dev/build/k2_1_0/image/k2_ram/../../../..//build/k2_1_0/lib/ram/libwlan.a(wlan_pci.o)
 *fill*         0x0000000000501355        0x3 
 .rodata.str1.4
                0x0000000000501358       0x50 /home/lex/tmp/my/open-ath9k-htc-firmware/target_firmware/magpie_fw_dev/build/k2_1_0/image/k2_ram/../../../..//build/k2_1_0/lib/ram/libcarrier_apd.a(if_ath_pci.o)
 .rodata.str1.4
                0x00000000005013a8       0xa7 /home/lex/tmp/my/open-ath9k-htc-firmware/target_firmware/magpie_fw_dev/build/k2_1_0/image/k2_ram/../../../..//build/k2_1_0/lib/ram/libcarrier_apd.a(if_ath.o)
 *fill*         0x000000000050144f        0x1 
 .rodata.str1.4
                0x0000000000501450       0x65 /home/lex/tmp/my/open-ath9k-htc-firmware/target_firmware/magpie_fw_dev/build/k2_1_0/image/k2_ram/../../../..//build/k2_1_0/lib/ram/libcarrier_apd.a(if_owl.o)
 *fill*         0x00000000005014b5        0x3 
 .rodata.str1.4
                0x00000000005014b8       0x10 /home/lex/tmp/my/open-ath9k-htc-firmware/target_firmware/magpie_fw_dev/build/k2_1_0/image/k2_ram/../../../..//build/k2_1_0/lib/ram/libcarrier_apd.a(ah_osdep.o)
 .rodata.str1.4
                0x00000000005014c8       0x74 /home/lex/tmp/my/open-ath9k-htc-firmware/target_firmware/magpie_fw_dev/build/k2_1_0/image/k2_ram/../../../..//build/k2_1_0/lib/ram/libhif.a(k2_fw_usb_api.o)
 *(.gnu.linkonce.r.*)
 *(.rodata1)
                0x000000000050153c                __XT_EXCEPTION_TABLE__ = ABSOLUTE (.)
 *(.xt_except_table)
 *(.gcc_except_table)
 *(.gnu.linkonce.e.*)
 *(.gnu.version_r)
                0x000000000050153c                . = ALIGN (0x4)
                0x000000000050153c                _bss_table_start = ABSOLUTE (.)
                0x000000000050153c        0x4 LONG 0x50cb40 _dport0_bss_start
                0x0000000000501540        0x4 LONG 0x50cb40 _dport0_bss_end
                0x0000000000501544        0x4 LONG 0x50d738 _bss_start
                0x0000000000501548        0x4 LONG 0x50d7f0 _bss_end
                0x000000000050154c                _bss_table_end = ABSOLUTE (.)
                0x000000000050154c                _rodata_end = ABSOLUTE (.)

.literals       0x000000000050154c      0x500
                0x000000000050154c                _literals_start = ABSOLUTE (.)
 *(*.lit4)
 .lit4          0x000000000050154c       0xc4 /home/lex/tmp/my/open-ath9k-htc-firmware/target_firmware/magpie_fw_dev/build/k2_1_0/image/k2_ram/../../../..//build/k2_1_0/ram/init/obj/app_start.o
 .lit4          0x0000000000501610       0x14 /home/lex/tmp/my/open-ath9k-htc-firmware/target_firmware/magpie_fw_dev/build/k2_1_0/image/k2_ram/../../../..//build/k2_1_0/ram/init/obj/init.o
                                         0x1c (size before relaxing)
 .lit4          0x0000000000501624       0x10 /home/lex/tmp/my/open-ath9k-htc-firmware/target_firmware/magpie_fw_dev/build/k2_1_0/image/k2_ram/../../../..//build/k2_1_0/ram/init/obj/magpie.o
                                         0x18 (size before relaxing)
 .lit4          0x0000000000501634        0xc /home/lex/tmp/my/open-ath9k-htc-firmware/target_firmware/magpie_fw_dev/build/k2_1_0/image/k2_ram/../../../..//build/k2_1_0/lib/ram/libcmnos.a(k2_cmnos_clock_patch.o)
                                         0x1c (size before relaxing)
 .lit4          0x0000000000501640       0x10 /home/lex/tmp/my/open-ath9k-htc-firmware/target_firmware/magpie_fw_dev/build/k2_1_0/image/k2_ram/../../../..//build/k2_1_0/lib/ram/libcmnos.a(k2_fw_cmnos_printf.o)
                                         0x14 (size before relaxing)
 .lit4          0x0000000000501650        0x0 /home/lex/tmp/my/open-ath9k-htc-firmware/target_firmware/magpie_fw_dev/build/k2_1_0/image/k2_ram/../../../..//build/k2_1_0/lib/ram/libadf.a(adf_nbuf.o)
                                         0x10 (size before relaxing)
 .lit4          0x0000000000501650       0x28 /home/lex/tmp/my/open-ath9k-htc-firmware/target_firmware/magpie_fw_dev/build/k2_1_0/image/k2_ram/../../../..//build/k2_1_0/lib/ram/libwmi.a(wmi_svc.o)
                                         0x3c (size before relaxing)
 .lit4          0x0000000000501678       0x24 /home/lex/tmp/my/open-ath9k-htc-firmware/target_firmware/magpie_fw_dev/build/k2_1_0/image/k2_ram/../../../..//build/k2_1_0/lib/ram/libwlan.a(wlan_pci.o)
                                         0x34 (size before relaxing)
 .lit4          0x000000000050169c       0x18 /home/lex/tmp/my/open-ath9k-htc-firmware/target_firmware/magpie_fw_dev/build/k2_1_0/image/k2_ram/../../../..//build/k2_1_0/lib/ram/libcarrier_apd.a(if_ath_pci.o)
                                         0x1c (size before relaxing)
 .lit4          0x00000000005016b4       0xf0 /home/lex/tmp/my/open-ath9k-htc-firmware/target_firmware/magpie_fw_dev/build/k2_1_0/image/k2_ram/../../../..//build/k2_1_0/lib/ram/libcarrier_apd.a(if_ath.o)
                                        0x178 (size before relaxing)
 .lit4          0x00000000005017a4       0x48 /home/lex/tmp/my/open-ath9k-htc-firmware/target_firmware/magpie_fw_dev/build/k2_1_0/image/k2_ram/../../../..//build/k2_1_0/lib/ram/libcarrier_apd.a(if_owl.o)
                                         0x88 (size before relaxing)
 .lit4          0x00000000005017ec        0x4 /home/lex/tmp/my/open-ath9k-htc-firmware/target_firmware/magpie_fw_dev/build/k2_1_0/image/k2_ram/../../../..//build/k2_1_0/lib/ram/libcarrier_apd.a(ratectrl_11n_ln.o)
                                          0x8 (size before relaxing)
 .lit4          0x00000000005017f0        0x4 /home/lex/tmp/my/open-ath9k-htc-firmware/target_firmware/magpie_fw_dev/build/k2_1_0/image/k2_ram/../../../..//build/k2_1_0/lib/ram/libcarrier_apd.a(ah.o)
                                          0xc (size before relaxing)
 .lit4          0x00000000005017f4      0x12c /home/lex/tmp/my/open-ath9k-htc-firmware/target_firmware/magpie_fw_dev/build/k2_1_0/image/k2_ram/../../../..//build/k2_1_0/lib/ram/libcarrier_apd.a(ar5416_hw.o)
                                        0x1f4 (size before relaxing)
 .lit4          0x0000000000501920        0x4 /home/lex/tmp/my/open-ath9k-htc-firmware/target_firmware/magpie_fw_dev/build/k2_1_0/image/k2_ram/../../../..//build/k2_1_0/lib/ram/libcarrier_apd.a(ar5416_phy.o)
 .lit4          0x0000000000501924        0x4 /home/lex/tmp/my/open-ath9k-htc-firmware/target_firmware/magpie_fw_dev/build/k2_1_0/image/k2_ram/../../../..//build/k2_1_0/lib/ram/libcarrier_apd.a(ah_osdep.o)
                                         0x24 (size before relaxing)
 .lit4          0x0000000000501928        0x4 /home/lex/tmp/my/open-ath9k-htc-firmware/target_firmware/magpie_fw_dev/build/k2_1_0/image/k2_ram/../../../..//build/k2_1_0/lib/ram/libcarrier_apd.a(ar5416Phy.o)
 .lit4          0x000000000050192c       0x1c /home/lex/tmp/my/open-ath9k-htc-firmware/target_firmware/magpie_fw_dev/build/k2_1_0/image/k2_ram/../../../..//build/k2_1_0/lib/ram/libbuf_pool.a(buf_pool_static.o)
                                         0x2c (size before relaxing)
 .lit4          0x0000000000501948       0xd4 /home/lex/tmp/my/open-ath9k-htc-firmware/target_firmware/magpie_fw_dev/build/k2_1_0/image/k2_ram/../../../..//build/k2_1_0/lib/ram/libhif.a(k2_fw_usb_api.o)
                                        0x158 (size before relaxing)
 .lit4          0x0000000000501a1c        0x0 /home/lex/tmp/my/open-ath9k-htc-firmware/target_firmware/magpie_fw_dev/build/k2_1_0/image/k2_ram/../../../..//build/k2_1_0/lib/ram/libhif.a(k2_HIF_usb_patch.o)
                                          0x4 (size before relaxing)
 .lit4          0x0000000000501a1c       0x30 /home/lex/tmp/my/open-ath9k-htc-firmware/target_firmware/magpie_fw_dev/build/k2_1_0/image/k2_ram/../../../..//build/k2_1_0/lib/ram/libhtc.a(htc.o)
                                         0x60 (size before relaxing)
 .lit4          0x0000000000501a4c        0x0 /home/lex/tmp/my/open-ath9k-htc-firmware/target_firmware/magpie_fw_dev/build/k2_1_0/image/k2_ram/../../../..//build/k2_1_0/lib/ram/libadf.a(adf_net.o)
 .lit4          0x0000000000501a4c        0x0 /home/lex/tmp/my/open-ath9k-htc-firmware/target_firmware/magpie_fw_dev/build/k2_1_0/image/k2_ram/../../../..//build/k2_1_0/lib/ram/libadf.a(adf_os_dma.o)
                                          0x4 (size before relaxing)
 .lit4          0x0000000000501a4c        0x0 /home/lex/tmp/my/open-ath9k-htc-firmware/target_firmware/magpie_fw_dev/build/k2_1_0/image/k2_ram/../../../..//build/k2_1_0/lib/ram/libadf.a(adf_os_irq_pvt.o)
                                          0x8 (size before relaxing)
 *(.gnu.linkonce.lit4.*)
                0x0000000000501a4c                _literals_end = ABSOLUTE (.)

.dram0.literal  0x0000000000501a4c        0x0
                0x0000000000501a4c                _dram0_literal_start = ABSOLUTE (.)
 *(.dram0.literal)
 *(.dram.literal)
                0x0000000000501a4c                _dram0_literal_end = ABSOLUTE (.)

.dport0.data    0x000000000050cb40        0x0
                0x000000000050cb40                _dport0_data_start = ABSOLUTE (.)
 *(.dport0.data)
 *(.dport.data)
                0x000000000050cb40                _dport0_data_end = ABSOLUTE (.)

.dport0.bss     0x000000000050cb40        0x0
                0x000000000050cb40                . = ALIGN (0x8)
                0x000000000050cb40                _dport0_bss_start = ABSOLUTE (.)
 *(.dport0.bss)
                0x000000000050cb40                . = ALIGN (0x8)
                0x000000000050cb40                _dport0_bss_end = ABSOLUTE (.)

.dram0.data     0x000000000050cb40        0x0
                0x000000000050cb40                _dram0_data_start = ABSOLUTE (.)
 *(.dram0.data)
 *(.dram.data)
                0x000000000050cb40                _dram0_data_end = ABSOLUTE (.)

.data           0x000000000050cb40      0xbf4
                0x000000000050cb40                _data_start = ABSOLUTE (.)
 *(.data)
 .data          0x000000000050cb40        0x0 /home/lex/tmp/my/open-ath9k-htc-firmware/target_firmware/magpie_fw_dev/build/k2_1_0/image/k2_ram/../../../..//build/k2_1_0/ram/init/obj/app_start.o
 .data          0x000000000050cb40        0x0 /home/lex/tmp/my/open-ath9k-htc-firmware/target_firmware/magpie_fw_dev/build/k2_1_0/image/k2_ram/../../../..//build/k2_1_0/ram/init/obj/init.o
 .data          0x000000000050cb40        0x0 /home/lex/tmp/my/open-ath9k-htc-firmware/target_firmware/magpie_fw_dev/build/k2_1_0/image/k2_ram/../../../..//build/k2_1_0/ram/init/obj/magpie.o
 .data          0x000000000050cb40        0x0 /home/lex/tmp/my/open-ath9k-htc-firmware/target_firmware/magpie_fw_dev/build/k2_1_0/image/k2_ram/../../../..//build/k2_1_0/lib/ram/libcmnos.a(k2_cmnos_clock_patch.o)
 .data          0x000000000050cb40        0x0 /home/lex/tmp/my/open-ath9k-htc-firmware/target_firmware/magpie_fw_dev/build/k2_1_0/image/k2_ram/../../../..//build/k2_1_0/lib/ram/libcmnos.a(k2_fw_cmnos_printf.o)
 .data          0x000000000050cb40        0x0 /home/lex/tmp/my/open-ath9k-htc-firmware/target_firmware/magpie_fw_dev/build/k2_1_0/image/k2_ram/../../../..//build/k2_1_0/lib/ram/libadf.a(adf_nbuf.o)
 .data          0x000000000050cb40        0x0 /home/lex/tmp/my/open-ath9k-htc-firmware/target_firmware/magpie_fw_dev/build/k2_1_0/image/k2_ram/../../../..//build/k2_1_0/lib/ram/libwmi.a(wmi_svc.o)
 .data          0x000000000050cb40        0x0 /home/lex/tmp/my/open-ath9k-htc-firmware/target_firmware/magpie_fw_dev/build/k2_1_0/image/k2_ram/../../../..//build/k2_1_0/lib/ram/libwlan.a(wlan_pci.o)
 .data          0x000000000050cb40       0x44 /home/lex/tmp/my/open-ath9k-htc-firmware/target_firmware/magpie_fw_dev/build/k2_1_0/image/k2_ram/../../../..//build/k2_1_0/lib/ram/libcarrier_apd.a(if_ath_pci.o)
                0x000000000050cb40                g_pci_init_func
 .data          0x000000000050cb84      0x100 /home/lex/tmp/my/open-ath9k-htc-firmware/target_firmware/magpie_fw_dev/build/k2_1_0/image/k2_ram/../../../..//build/k2_1_0/lib/ram/libcarrier_apd.a(if_ath.o)
 .data          0x000000000050cc84        0x0 /home/lex/tmp/my/open-ath9k-htc-firmware/target_firmware/magpie_fw_dev/build/k2_1_0/image/k2_ram/../../../..//build/k2_1_0/lib/ram/libcarrier_apd.a(if_owl.o)
 .data          0x000000000050cc84        0x0 /home/lex/tmp/my/open-ath9k-htc-firmware/target_firmware/magpie_fw_dev/build/k2_1_0/image/k2_ram/../../../..//build/k2_1_0/lib/ram/libcarrier_apd.a(ieee80211_output.o)
 .data          0x000000000050cc84        0x0 /home/lex/tmp/my/open-ath9k-htc-firmware/target_firmware/magpie_fw_dev/build/k2_1_0/image/k2_ram/../../../..//build/k2_1_0/lib/ram/libcarrier_apd.a(ratectrl_11n_ln.o)
 .data          0x000000000050cc84        0x0 /home/lex/tmp/my/open-ath9k-htc-firmware/target_firmware/magpie_fw_dev/build/k2_1_0/image/k2_ram/../../../..//build/k2_1_0/lib/ram/libcarrier_apd.a(ah.o)
 .data          0x000000000050cc84        0x0 /home/lex/tmp/my/open-ath9k-htc-firmware/target_firmware/magpie_fw_dev/build/k2_1_0/image/k2_ram/../../../..//build/k2_1_0/lib/ram/libcarrier_apd.a(ar5416_hw.o)
 .data          0x000000000050cc84      0x238 /home/lex/tmp/my/open-ath9k-htc-firmware/target_firmware/magpie_fw_dev/build/k2_1_0/image/k2_ram/../../../..//build/k2_1_0/lib/ram/libcarrier_apd.a(ar5416_phy.o)
                0x000000000050cc84                ar5416_11ng_table
 .data          0x000000000050cebc        0x0 /home/lex/tmp/my/open-ath9k-htc-firmware/target_firmware/magpie_fw_dev/build/k2_1_0/image/k2_ram/../../../..//build/k2_1_0/lib/ram/libcarrier_apd.a(ah_osdep.o)
 .data          0x000000000050cebc      0x874 /home/lex/tmp/my/open-ath9k-htc-firmware/target_firmware/magpie_fw_dev/build/k2_1_0/image/k2_ram/../../../..//build/k2_1_0/lib/ram/libcarrier_apd.a(ar5416Phy.o)
                0x000000000050cebc                ar5416_11ngRateTable
 .data          0x000000000050d730        0x0 /home/lex/tmp/my/open-ath9k-htc-firmware/target_firmware/magpie_fw_dev/build/k2_1_0/image/k2_ram/../../../..//build/k2_1_0/lib/ram/libbuf_pool.a(buf_pool_static.o)
 .data          0x000000000050d730        0x4 /home/lex/tmp/my/open-ath9k-htc-firmware/target_firmware/magpie_fw_dev/build/k2_1_0/image/k2_ram/../../../..//build/k2_1_0/lib/ram/libhif.a(k2_fw_usb_api.o)
 .data          0x000000000050d734        0x0 /home/lex/tmp/my/open-ath9k-htc-firmware/target_firmware/magpie_fw_dev/build/k2_1_0/image/k2_ram/../../../..//build/k2_1_0/lib/ram/libhif.a(k2_HIF_usb_patch.o)
 .data          0x000000000050d734        0x0 /home/lex/tmp/my/open-ath9k-htc-firmware/target_firmware/magpie_fw_dev/build/k2_1_0/image/k2_ram/../../../..//build/k2_1_0/lib/ram/libhtc.a(htc.o)
 .data          0x000000000050d734        0x0 /home/lex/tmp/my/open-ath9k-htc-firmware/target_firmware/magpie_fw_dev/build/k2_1_0/image/k2_ram/../../../..//build/k2_1_0/lib/ram/libadf.a(adf_net.o)
 .data          0x000000000050d734        0x0 /home/lex/tmp/my/open-ath9k-htc-firmware/target_firmware/magpie_fw_dev/build/k2_1_0/image/k2_ram/../../../..//build/k2_1_0/lib/ram/libadf.a(adf_os_dma.o)
 .data          0x000000000050d734        0x0 /home/lex/tmp/my/open-ath9k-htc-firmware/target_firmware/magpie_fw_dev/build/k2_1_0/image/k2_ram/../../../..//build/k2_1_0/lib/ram/libadf.a(adf_os_irq_pvt.o)
 *(.data.*)
 *(.gnu.linkonce.d.*)
 *(.data1)
 *(.sdata)
 *(.sdata.*)
 *(.gnu.linkonce.s.*)
 *(.sdata2)
 *(.sdata2.*)
 *(.gnu.linkonce.s2.*)
 *(.jcr)
 *(.eh_frame)
 *crtbegin.o(.ctors)
 *(EXCLUDE_FILE(*crtend.o) .ctors)
 *(SORT(.ctors.*))
 *(.ctors)
 *crtbegin.o(.dtors)
 *(EXCLUDE_FILE(*crtend.o) .dtors)
 *(SORT(.dtors.*))
 *(.dtors)
                0x000000000050d734                __XT_EXCEPTION_DESCS__ = ABSOLUTE (.)
 *(.xt_except_desc)
 *(.gnu.linkonce.h.*)
                0x000000000050d734                __XT_EXCEPTION_DESCS_END__ = ABSOLUTE (.)
 *(.xt_except_desc_end)
 *(.dynamic)
 *(.gnu.version_d)
                0x000000000050d734                _data_end = ABSOLUTE (.)

.bss            0x000000000050d734       0xbc
                0x000000000050d738                . = ALIGN (0x8)
 *fill*         0x000000000050d734        0x4 
                0x000000000050d738                _bss_start = ABSOLUTE (.)
 *(.dynsbss)
 *(.sbss)
 *(.sbss.*)
 *(.gnu.linkonce.sb.*)
 *(.scommon)
 *(.sbss2)
 *(.sbss2.*)
 *(.gnu.linkonce.sb2.*)
 *(.dynbss)
 *(.bss)
 .bss           0x000000000050d738        0x0 /home/lex/tmp/my/open-ath9k-htc-firmware/target_firmware/magpie_fw_dev/build/k2_1_0/image/k2_ram/../../../..//build/k2_1_0/ram/init/obj/app_start.o
 .bss           0x000000000050d738        0xc /home/lex/tmp/my/open-ath9k-htc-firmware/target_firmware/magpie_fw_dev/build/k2_1_0/image/k2_ram/../../../..//build/k2_1_0/ram/init/obj/init.o
                0x000000000050d738                idle_cnt
 .bss           0x000000000050d744        0x0 /home/lex/tmp/my/open-ath9k-htc-firmware/target_firmware/magpie_fw_dev/build/k2_1_0/image/k2_ram/../../../..//build/k2_1_0/ram/init/obj/magpie.o
 .bss           0x000000000050d744        0x8 /home/lex/tmp/my/open-ath9k-htc-firmware/target_firmware/magpie_fw_dev/build/k2_1_0/image/k2_ram/../../../..//build/k2_1_0/lib/ram/libcmnos.a(k2_cmnos_clock_patch.o)
                0x000000000050d744                ref_clk
 .bss           0x000000000050d74c        0x0 /home/lex/tmp/my/open-ath9k-htc-firmware/target_firmware/magpie_fw_dev/build/k2_1_0/image/k2_ram/../../../..//build/k2_1_0/lib/ram/libcmnos.a(k2_fw_cmnos_printf.o)
 .bss           0x000000000050d74c        0x0 /home/lex/tmp/my/open-ath9k-htc-firmware/target_firmware/magpie_fw_dev/build/k2_1_0/image/k2_ram/../../../..//build/k2_1_0/lib/ram/libadf.a(adf_nbuf.o)
 .bss           0x000000000050d74c        0x0 /home/lex/tmp/my/open-ath9k-htc-firmware/target_firmware/magpie_fw_dev/build/k2_1_0/image/k2_ram/../../../..//build/k2_1_0/lib/ram/libwmi.a(wmi_svc.o)
 .bss           0x000000000050d74c        0xc /home/lex/tmp/my/open-ath9k-htc-firmware/target_firmware/magpie_fw_dev/build/k2_1_0/image/k2_ram/../../../..//build/k2_1_0/lib/ram/libwlan.a(wlan_pci.o)
                0x000000000050d74c                g_wlan_intr
                0x000000000050d750                g_wlan_drv_handle
                0x000000000050d754                g_wlan_drv
 .bss           0x000000000050d758        0x0 /home/lex/tmp/my/open-ath9k-htc-firmware/target_firmware/magpie_fw_dev/build/k2_1_0/image/k2_ram/../../../..//build/k2_1_0/lib/ram/libcarrier_apd.a(if_ath_pci.o)
 .bss           0x000000000050d758        0x2 /home/lex/tmp/my/open-ath9k-htc-firmware/target_firmware/magpie_fw_dev/build/k2_1_0/image/k2_ram/../../../..//build/k2_1_0/lib/ram/libcarrier_apd.a(if_ath.o)
 .bss           0x000000000050d75a        0x0 /home/lex/tmp/my/open-ath9k-htc-firmware/target_firmware/magpie_fw_dev/build/k2_1_0/image/k2_ram/../../../..//build/k2_1_0/lib/ram/libcarrier_apd.a(if_owl.o)
 .bss           0x000000000050d75a        0x0 /home/lex/tmp/my/open-ath9k-htc-firmware/target_firmware/magpie_fw_dev/build/k2_1_0/image/k2_ram/../../../..//build/k2_1_0/lib/ram/libcarrier_apd.a(ieee80211_output.o)
 .bss           0x000000000050d75a        0x0 /home/lex/tmp/my/open-ath9k-htc-firmware/target_firmware/magpie_fw_dev/build/k2_1_0/image/k2_ram/../../../..//build/k2_1_0/lib/ram/libcarrier_apd.a(ratectrl_11n_ln.o)
 .bss           0x000000000050d75a        0x0 /home/lex/tmp/my/open-ath9k-htc-firmware/target_firmware/magpie_fw_dev/build/k2_1_0/image/k2_ram/../../../..//build/k2_1_0/lib/ram/libcarrier_apd.a(ah.o)
 .bss           0x000000000050d75a        0x0 /home/lex/tmp/my/open-ath9k-htc-firmware/target_firmware/magpie_fw_dev/build/k2_1_0/image/k2_ram/../../../..//build/k2_1_0/lib/ram/libcarrier_apd.a(ar5416_hw.o)
 .bss           0x000000000050d75a        0x0 /home/lex/tmp/my/open-ath9k-htc-firmware/target_firmware/magpie_fw_dev/build/k2_1_0/image/k2_ram/../../../..//build/k2_1_0/lib/ram/libcarrier_apd.a(ar5416_phy.o)
 .bss           0x000000000050d75a        0x0 /home/lex/tmp/my/open-ath9k-htc-firmware/target_firmware/magpie_fw_dev/build/k2_1_0/image/k2_ram/../../../..//build/k2_1_0/lib/ram/libcarrier_apd.a(ah_osdep.o)
 .bss           0x000000000050d75a        0x0 /home/lex/tmp/my/open-ath9k-htc-firmware/target_firmware/magpie_fw_dev/build/k2_1_0/image/k2_ram/../../../..//build/k2_1_0/lib/ram/libcarrier_apd.a(ar5416Phy.o)
 .bss           0x000000000050d75a        0x0 /home/lex/tmp/my/open-ath9k-htc-firmware/target_firmware/magpie_fw_dev/build/k2_1_0/image/k2_ram/../../../..//build/k2_1_0/lib/ram/libbuf_pool.a(buf_pool_static.o)
 *fill*         0x000000000050d75a        0x2 
 .bss           0x000000000050d75c       0x1a /home/lex/tmp/my/open-ath9k-htc-firmware/target_firmware/magpie_fw_dev/build/k2_1_0/image/k2_ram/../../../..//build/k2_1_0/lib/ram/libhif.a(k2_fw_usb_api.o)
                0x000000000050d75c                m_origUsbfifoRecvCmd
 .bss           0x000000000050d776        0x0 /home/lex/tmp/my/open-ath9k-htc-firmware/target_firmware/magpie_fw_dev/build/k2_1_0/image/k2_ram/../../../..//build/k2_1_0/lib/ram/libhif.a(k2_HIF_usb_patch.o)
 .bss           0x000000000050d776        0x0 /home/lex/tmp/my/open-ath9k-htc-firmware/target_firmware/magpie_fw_dev/build/k2_1_0/image/k2_ram/../../../..//build/k2_1_0/lib/ram/libhtc.a(htc.o)
 .bss           0x000000000050d776        0x0 /home/lex/tmp/my/open-ath9k-htc-firmware/target_firmware/magpie_fw_dev/build/k2_1_0/image/k2_ram/../../../..//build/k2_1_0/lib/ram/libadf.a(adf_net.o)
 .bss           0x000000000050d776        0x0 /home/lex/tmp/my/open-ath9k-htc-firmware/target_firmware/magpie_fw_dev/build/k2_1_0/image/k2_ram/../../../..//build/k2_1_0/lib/ram/libadf.a(adf_os_dma.o)
 .bss           0x000000000050d776        0x0 /home/lex/tmp/my/open-ath9k-htc-firmware/target_firmware/magpie_fw_dev/build/k2_1_0/image/k2_ram/../../../..//build/k2_1_0/lib/ram/libadf.a(adf_os_irq_pvt.o)
 *(.bss.*)
 *(.gnu.linkonce.b.*)
 *(COMMON)
 *fill*         0x000000000050d776        0x2 
 COMMON         0x000000000050d778        0x4 /home/lex/tmp/my/open-ath9k-htc-firmware/target_firmware/magpie_fw_dev/build/k2_1_0/image/k2_ram/../../../..//build/k2_1_0/ram/init/obj/app_start.o
                0x000000000050d778                _assfail_ori
 COMMON         0x000000000050d77c        0x4 /home/lex/tmp/my/open-ath9k-htc-firmware/target_firmware/magpie_fw_dev/build/k2_1_0/image/k2_ram/../../../..//build/k2_1_0/ram/init/obj/init.o
                0x000000000050d77c                save_cmnos_printf
 COMMON         0x000000000050d780        0x4 /home/lex/tmp/my/open-ath9k-htc-firmware/target_firmware/magpie_fw_dev/build/k2_1_0/image/k2_ram/../../../..//build/k2_1_0/ram/init/obj/magpie.o
                0x000000000050d780                htc_handle
 COMMON         0x000000000050d784       0x2c /home/lex/tmp/my/open-ath9k-htc-firmware/target_firmware/magpie_fw_dev/build/k2_1_0/image/k2_ram/../../../..//build/k2_1_0/lib/ram/libbuf_pool.a(buf_pool_static.o)
                0x000000000050d784                g_poolCtx
 COMMON         0x000000000050d7b0       0x3c /home/lex/tmp/my/open-ath9k-htc-firmware/target_firmware/magpie_fw_dev/build/k2_1_0/image/k2_ram/../../../..//build/k2_1_0/lib/ram/libhif.a(k2_fw_usb_api.o)
                0x000000000050d7b0                ConfigDescriptorPatch
 *(.dram0.bss)
                0x000000000050d7f0                . = ALIGN (0x8)
 *fill*         0x000000000050d7ec        0x4 
                0x000000000050d7f0                _bss_end = ABSOLUTE (.)
                0x000000000050d7f0                _end = ALIGN (0x8)
                0x000000000050d7f0                PROVIDE (end, ALIGN (0x8))
                0x000000000050d7f0                _fw_image_end = ABSOLUTE (.)

.text           0x0000000000903000     0x816d
                0x0000000000903000                _stext = .
                0x0000000000903000                _text_start = ABSOLUTE (.)
 *(.entry.text)
 *(.init.literal)
 *(.init)
 *(.literal .text .text.* .stub .gnu.warning .gnu.linkonce.literal.* .gnu.linkonce.t.*.literal .gnu.linkonce.t.*)
 .text          0x0000000000903000      0x27e /home/lex/tmp/my/open-ath9k-htc-firmware/target_firmware/magpie_fw_dev/build/k2_1_0/image/k2_ram/../../../..//build/k2_1_0/ram/init/obj/app_start.o
                0x0000000000903000                app_start
 *fill*         0x000000000090327e        0x2 
 .text          0x0000000000903280       0x81 /home/lex/tmp/my/open-ath9k-htc-firmware/target_firmware/magpie_fw_dev/build/k2_1_0/image/k2_ram/../../../..//build/k2_1_0/ram/init/obj/init.o
                0x0000000000903280                init_mem
                0x00000000009032b4                wlan_task
 *fill*         0x0000000000903301        0x3 
 .text          0x0000000000903304       0xa0 /home/lex/tmp/my/open-ath9k-htc-firmware/target_firmware/magpie_fw_dev/build/k2_1_0/image/k2_ram/../../../..//build/k2_1_0/ram/init/obj/magpie.o
                0x0000000000903304                htc_setup_comp
                0x000000000090330c                _wmi_cmd_rsp
                0x0000000000903368                Magpie_init
 .text          0x00000000009033a4       0x6d /home/lex/tmp/my/open-ath9k-htc-firmware/target_firmware/magpie_fw_dev/build/k2_1_0/image/k2_ram/../../../..//build/k2_1_0/lib/ram/libcmnos.a(k2_cmnos_clock_patch.o)
                0x00000000009033a4                cmnos_clock_init_patch
                0x00000000009033b0                cmnos_refclk_speed_get_patch
                0x00000000009033bc                cmnos_delay_us_patch
                0x00000000009033d8                cmnos_tick_patch
                0x0000000000903404                cmnos_milliseconds_patch
 *fill*         0x0000000000903411        0x3 
 .text          0x0000000000903414      0x45f /home/lex/tmp/my/open-ath9k-htc-firmware/target_firmware/magpie_fw_dev/build/k2_1_0/image/k2_ram/../../../..//build/k2_1_0/lib/ram/libcmnos.a(k2_fw_cmnos_printf.o)
                0x0000000000903498                fw_cmnos_printf
 *fill*         0x0000000000903873        0x1 
 .text          0x0000000000903874      0x37a /home/lex/tmp/my/open-ath9k-htc-firmware/target_firmware/magpie_fw_dev/build/k2_1_0/image/k2_ram/../../../..//build/k2_1_0/lib/ram/libadf.a(adf_nbuf.o)
                0x0000000000903874                __adf_nbuf_alloc
                0x00000000009038b4                __adf_nbuf_free
                0x00000000009038bc                __adf_nbuf_realloc_headroom
                0x00000000009038c4                __adf_nbuf_realloc_tailroom
                0x00000000009038cc                __adf_nbuf_expand
                0x00000000009038d4                __adf_nbuf_push_head
                0x0000000000903900                __adf_nbuf_pull_head
                0x000000000090392c                __adf_nbuf_copy
                0x0000000000903938                __adf_nbuf_unshare
                0x0000000000903944                __adf_nbuf_frag_info
                0x000000000090396c                __adf_nbuf_get_priv
                0x0000000000903978                __adf_nbuf_queue_add
                0x0000000000903998                __adf_nbuf_queue_remove
                0x00000000009039c0                __adf_nbuf_dmamap_create
                0x00000000009039dc                __adf_nbuf_map
                0x00000000009039e8                __adf_nbuf_unmap
                0x00000000009039f4                __adf_nbuf_dmamap_destroy
                0x00000000009039fc                __adf_nbuf_dmamap_info
                0x0000000000903a28                __adf_nbuf_set_rx_cksum
                0x0000000000903a30                __adf_nbuf_get_vlan_info
                0x0000000000903a38                __adf_nbuf_create_frm_frag
                0x0000000000903aac                __adf_nbuf_split_to_frag
                0x0000000000903af8                __adf_nbuf_last
                0x0000000000903b0c                __adf_nbuf_trim_tail
                0x0000000000903b30                __adf_nbuf_put_tail
                0x0000000000903b58                __adf_nbuf_headroom
                0x0000000000903b64                __adf_nbuf_tailroom
                0x0000000000903b80                __adf_nbuf_len
                0x0000000000903b88                __adf_nbuf_clone
                0x0000000000903b90                __adf_nbuf_cat
                0x0000000000903b98                __adf_nbuf_is_cloned
                0x0000000000903ba0                __adf_nbuf_peek_header
                0x0000000000903bb8                __adf_nbuf_queue_init
                0x0000000000903bc8                __adf_nbuf_queue_len
                0x0000000000903bd0                __adf_nbuf_queue_first
                0x0000000000903bd8                __adf_nbuf_queue_next
                0x0000000000903be0                __adf_nbuf_is_queue_empty
 *fill*         0x0000000000903bee        0x2 
 .text          0x0000000000903bf0      0x1f3 /home/lex/tmp/my/open-ath9k-htc-firmware/target_firmware/magpie_fw_dev/build/k2_1_0/image/k2_ram/../../../..//build/k2_1_0/lib/ram/libwmi.a(wmi_svc.o)
                0x0000000000903dac                WMI_service_module_install
 *fill*         0x0000000000903de3        0x1 
 .text          0x0000000000903de4       0xc2 /home/lex/tmp/my/open-ath9k-htc-firmware/target_firmware/magpie_fw_dev/build/k2_1_0/image/k2_ram/../../../..//build/k2_1_0/lib/ram/libwlan.a(wlan_pci.o)
                0x0000000000903de4                wlan_pci_module_init
                0x0000000000903df4                wlan_pci_register_drv
                0x0000000000903e00                wlan_pci_probe
                0x0000000000903e80                wlan_pci_config_write
                0x0000000000903e88                wlan_pci_config_read
                0x0000000000903e90                wlan_pci_isr
 *fill*         0x0000000000903ea6        0x2 
 .text          0x0000000000903ea8       0xbb /home/lex/tmp/my/open-ath9k-htc-firmware/target_firmware/magpie_fw_dev/build/k2_1_0/image/k2_ram/../../../..//build/k2_1_0/lib/ram/libcarrier_apd.a(if_ath_pci.o)
                0x0000000000903ec8                init_ath_pci
                0x0000000000903f58                exit_ath_pci
 *fill*         0x0000000000903f63        0x1 
 .text          0x0000000000903f64     0x1ec4 /home/lex/tmp/my/open-ath9k-htc-firmware/target_firmware/magpie_fw_dev/build/k2_1_0/image/k2_ram/../../../..//build/k2_1_0/lib/ram/libcarrier_apd.a(if_ath.o)
                0x000000000090465c                wmi_event
                0x00000000009046d4                ath_intr
                0x0000000000904dc4                wmi_cmd_rsp
                0x0000000000905808                ath_get_minrateidx
                0x00000000009059d0                ath_tgt_attach
                0x0000000000905e00                ath_detach
 .text          0x0000000000905e28     0x1f3c /home/lex/tmp/my/open-ath9k-htc-firmware/target_firmware/magpie_fw_dev/build/k2_1_0/image/k2_ram/../../../..//build/k2_1_0/lib/ram/libcarrier_apd.a(if_owl.o)
                0x0000000000906724                ATH_SKB_2_WH
                0x0000000000906768                owl_tgt_node_init
                0x00000000009067ac                ath_tx_status_clear
                0x00000000009067bc                ath_tx_status_update
                0x0000000000906848                ath_tx_status_update_aggr
                0x0000000000906a48                ath_tx_status_send
                0x0000000000906a90                ath_tgt_tid_drain
                0x0000000000906ac0                ath_tgt_tx_prepare
                0x0000000000906d04                ath_tgt_tx_send_normal
                0x0000000000906d88                ath_tgt_send_mgt
                0x0000000000907168                ath_tgt_handle_normal
                0x000000000090719c                ath_tx_addto_baw
                0x00000000009071e8                ath_tgt_tx_form_aggr
                0x00000000009076e4                ath_tgt_tx_comp_aggr
                0x0000000000907a44                owltgt_tx_processq
                0x0000000000907adc                owl_tgt_tx_tasklet
                0x0000000000907b48                ath_tgt_handle_aggr
                0x0000000000907bbc                ath_tgt_tx_cleanup
 .text          0x0000000000907d64      0xc8e /home/lex/tmp/my/open-ath9k-htc-firmware/target_firmware/magpie_fw_dev/build/k2_1_0/image/k2_ram/../../../..//build/k2_1_0/lib/ram/libcarrier_apd.a(ratectrl_11n_ln.o)
                0x00000000009083b4                rcSibUpdate_11n
                0x00000000009083e8                median
                0x0000000000908414                rcRateFind_11n
                0x00000000009086c8                rcUpdate_11n
                0x00000000009087fc                ath_tx_status_update_rate
                0x000000000090889c                ath_rate_attach
                0x00000000009088cc                ath_rate_detach
                0x00000000009088d4                ath_rate_findrate
                0x0000000000908900                ath_rate_tx_complete
                0x0000000000908938                ath_rate_newassoc
                0x000000000090894c                ath_rate_node_update
                0x0000000000908960                ath_rate_newstate
                0x0000000000908980                ath_rate_mcs2rate
 *fill*         0x00000000009089f2        0x2 
 .text          0x00000000009089f4      0x150 /home/lex/tmp/my/open-ath9k-htc-firmware/target_firmware/magpie_fw_dev/build/k2_1_0/image/k2_ram/../../../..//build/k2_1_0/lib/ram/libcarrier_apd.a(ah.o)
                0x00000000009089f4                ath_hal_attach_tgt
                0x0000000000908a08                ath_hal_getcapability
                0x0000000000908a44                ath_hal_computetxtime
                0x0000000000908ab4                ath_hal_setupratetable
                0x0000000000908b1c                ath_hal_wait
 .text          0x0000000000908b44     0x14e2 /home/lex/tmp/my/open-ath9k-htc-firmware/target_firmware/magpie_fw_dev/build/k2_1_0/image/k2_ram/../../../..//build/k2_1_0/lib/ram/libcarrier_apd.a(ar5416_hw.o)
                0x0000000000908b44                ar5416GetInterrupts
                0x0000000000908b4c                ar5416SetupRxDesc_20
                0x0000000000908bc4                ar5416GetTxIntrQueue
                0x0000000000908be4                ar5416IntrReqTxDesc_20
                0x0000000000908c24                ar5416SetupTxDesc_20
                0x0000000000908e0c                ar5416FillTxDesc_20
                0x0000000000908f44                ar5416FillKeyTxDesc_20
                0x0000000000908f68                ar5416Set11nTxDesc_20
                0x0000000000909074                ar5416Set11nRateScenario_20
                0x00000000009092e8                ar5416Set11nAggrFirst_20
                0x0000000000909374                ar5416Set11nAggrMiddle_20
                0x00000000009093f8                ar5416Set11nAggrLast_20
                0x0000000000909478                ar5416Clr11nAggr_20
                0x00000000009094b8                ar5416Set11nBurstDuration_20
                0x00000000009094fc                ar5416Set11nVirtualMoreFrag_20
                0x000000000090956c                ar5416StartTxDma
                0x0000000000909584                ar5416SetTxDP
                0x0000000000909598                ar5416EnableReceive
                0x00000000009095a8                ar5416SetRxDP
                0x00000000009095b8                ar5416NumTxPending
                0x00000000009095e8                ar5416StopTxDma
                0x000000000090962c                ar5416AbortTxDma
                0x0000000000909704                ar5416GetTxDP
                0x0000000000909718                ar5416StopPcuReceive
                0x0000000000909734                ar5416StartPcuReceive
                0x0000000000909750                ar5416GetRxDP
                0x0000000000909760                ar5416ResetTsf
                0x000000000090978c                ar5416GetTsf32
                0x000000000090979c                ar5416GetTsf64
                0x00000000009097b8                ar5416SetInterrupts
                0x0000000000909844                ar5416UpdateTxTrigLevel
                0x00000000009098a8                ar5416IsInterruptPending
                0x00000000009098c0                ar5416StopDmaReceive
                0x00000000009098e4                ar5416GetCapability
                0x00000000009098f8                ar5416Detach
                0x0000000000909904                ar5416ProcRxDescFast_20
                0x0000000000909afc                ar5416SetRxFilter
                0x0000000000909b58                ar5416ProcTxDesc_20
                0x0000000000909e24                ar5416GetPendingInterrupts
                0x0000000000909f14                ar5416Attach
                0x0000000000909f98                ar5416SetMulticastFilter
                0x0000000000909fb4                ar5416ClrMulticastFilterIndex
                0x0000000000909ff0                ar5416SetMulticastFilterIndex
 *fill*         0x000000000090a026        0x2 
 .text          0x000000000090a028       0x10 /home/lex/tmp/my/open-ath9k-htc-firmware/target_firmware/magpie_fw_dev/build/k2_1_0/image/k2_ram/../../../..//build/k2_1_0/lib/ram/libcarrier_apd.a(ar5416_phy.o)
                0x000000000090a028                ar5416GetRateTable
 .text          0x000000000090a038       0xc9 /home/lex/tmp/my/open-ath9k-htc-firmware/target_firmware/magpie_fw_dev/build/k2_1_0/image/k2_ram/../../../..//build/k2_1_0/lib/ram/libcarrier_apd.a(ah_osdep.o)
                0x000000000090a038                ath_hal_getuptime
                0x000000000090a048                _ath_hal_attach_tgt
                0x000000000090a070                ath_hal_detach
                0x000000000090a07c                ath_hal_reg_write_target
                0x000000000090a088                ath_hal_reg_read_target
                0x000000000090a094                ath_hal_delay
                0x000000000090a0a4                ath_hal_malloc
                0x000000000090a0c8                ath_hal_free
                0x000000000090a0d0                ath_hal_memzero
                0x000000000090a0e4                ath_hal_memcpy
                0x000000000090a0fc                ath_hal_vprintf
 *fill*         0x000000000090a101        0x3 
 .text          0x000000000090a104        0xa /home/lex/tmp/my/open-ath9k-htc-firmware/target_firmware/magpie_fw_dev/build/k2_1_0/image/k2_ram/../../../..//build/k2_1_0/lib/ram/libcarrier_apd.a(ar5416Phy.o)
                0x000000000090a104                ar5416AttachRateTables
 *fill*         0x000000000090a10e        0x2 
 .text          0x000000000090a110       0xe7 /home/lex/tmp/my/open-ath9k-htc-firmware/target_firmware/magpie_fw_dev/build/k2_1_0/image/k2_ram/../../../..//build/k2_1_0/lib/ram/libbuf_pool.a(buf_pool_static.o)
                0x000000000090a110                _buf_pool_static_init
                0x000000000090a128                _buf_pool_static_shutdown
                0x000000000090a130                _buf_pool_static_create_pool
                0x000000000090a188                _buf_pool_static_alloc_buf
                0x000000000090a1ac                _buf_pool_static_alloc_buf_align
                0x000000000090a1bc                _buf_pool_static_free_buf
                0x000000000090a1d4                buf_pool_module_install
 *fill*         0x000000000090a1f7        0x1 
 .text          0x000000000090a1f8      0x6b4 /home/lex/tmp/my/open-ath9k-htc-firmware/target_firmware/magpie_fw_dev/build/k2_1_0/image/k2_ram/../../../..//build/k2_1_0/lib/ram/libhif.a(k2_fw_usb_api.o)
                0x000000000090a1f8                _fw_usbfifo_init
                0x000000000090a218                _fw_usb_suspend_reboot
                0x000000000090a3fc                _fw_usbfifo_recv_command
                0x000000000090a420                _fw_usb_fw_task
                0x000000000090a558                _fw_usb_reset_fifo
                0x000000000090a5fc                vUsb_Reg_Out_patch
                0x000000000090a6c8                vUSBFIFO_EP6Cfg_FS_patch
                0x000000000090a6d0                vUsbFIFO_EPxCfg_FS_patch
                0x000000000090a6d8                bSet_configuration_patch
                0x000000000090a6f8                vUsb_Status_In_patch
                0x000000000090a7fc                bGet_descriptor_patch
                0x000000000090a868                bStandardCommand_patch
 .text          0x000000000090a8ac       0x25 /home/lex/tmp/my/open-ath9k-htc-firmware/target_firmware/magpie_fw_dev/build/k2_1_0/image/k2_ram/../../../..//build/k2_1_0/lib/ram/libhif.a(k2_HIF_usb_patch.o)
                0x000000000090a8ac                _HIFusb_get_max_msg_len_patch
                0x000000000090a8c0                _HIFusb_isr_handler_patch
 *fill*         0x000000000090a8d1        0x3 
 .text          0x000000000090a8d4      0x78d /home/lex/tmp/my/open-ath9k-htc-firmware/target_firmware/magpie_fw_dev/build/k2_1_0/image/k2_ram/../../../..//build/k2_1_0/lib/ram/libhtc.a(htc.o)
                0x000000000090a8d4                _HTC_Shutdown
                0x000000000090a8dc                _HTC_RegisterService
                0x000000000090a8ec                _HTC_GetReservedHeadroom
                0x000000000090a900                HTCSendDoneHandler
                0x000000000090a92c                HTC_AssembleBuffers
                0x000000000090a944                _HTC_Init
                0x000000000090aa04                _HTC_PauseRecv
                0x000000000090aa0c                _HTC_ResumeRecv
                0x000000000090aa14                htc_module_install
                0x000000000090aa58                HTCFreeMsgBuffer
                0x000000000090aa70                HTCAllocMsgBuffer
                0x000000000090aa94                _HTC_Ready
                0x000000000090aaec                HTCCheckAndSendCreditReport
                0x000000000090ab54                HTCControlSvcProcessSendComplete
                0x000000000090ab94                ReturnBuffers
                0x000000000090abf8                _HTC_ReturnBuffers
                0x000000000090ac08                _HTC_ReturnBuffersList
                0x000000000090ac4c                HTCProcessConnectMsg
                0x000000000090ad2c                HTCProcessConfigPipeMsg
                0x000000000090adb0                HTCControlSvcProcessMsg
                0x000000000090ae38                AdjustCreditThreshold
                0x000000000090ae6c                _HTC_SendMsg
                0x000000000090afc4                HTCMsgRecvHandler
                0x000000000090b05c                RedistributeCredit
 *fill*         0x000000000090b061        0x3 
 .text          0x000000000090b064       0x2b /home/lex/tmp/my/open-ath9k-htc-firmware/target_firmware/magpie_fw_dev/build/k2_1_0/image/k2_ram/../../../..//build/k2_1_0/lib/ram/libadf.a(adf_os_dma.o)
                0x000000000090b064                __adf_os_dmamem_alloc
 *fill*         0x000000000090b08f        0x1 
 .text          0x000000000090b090       0x18 /home/lex/tmp/my/open-ath9k-htc-firmware/target_firmware/magpie_fw_dev/build/k2_1_0/image/k2_ram/../../../..//build/k2_1_0/lib/ram/libadf.a(adf_os_irq_pvt.o)
                0x000000000090b090                __adf_os_setup_intr
                0x000000000090b09c                __adf_os_free_intr
 *fill*         0x000000000090b0a8        0x0 
 *fill*         0x000000000090b0a8        0x0 
 *fill*         0x000000000090b0a8        0x0 
 *fill*         0x000000000090b0a8        0x0 
 *fill*         0x000000000090b0a8        0x0 
 *fill*         0x000000000090b0a8        0x0 
 *fill*         0x000000000090b0a8        0x0 
 *fill*         0x000000000090b0a8        0x0 
 .text          0x000000000090b0a8       0xb1 /home/lex/tmp/my/open-ath9k-htc-firmware/target_firmware/magpie_fw_dev/build/k2_1_0/image/k2_ram/../../../..//build/k2_1_0/lib/ram/libcarrier_apd.a(ieee80211_output.o)
                0x000000000090b0a8                ieee80211_tgt_crypto_encap
 *fill*         0x000000000090b159        0x0 
 *fill*         0x000000000090b159        0x0 
 *fill*         0x000000000090b159        0x0 
 *fill*         0x000000000090b159        0x0 
 *fill*         0x000000000090b159        0x0 
 *fill*         0x000000000090b159        0x0 
 *fill*         0x000000000090b159        0x0 
 *fill*         0x000000000090b159        0x3 
 .text          0x000000000090b15c       0x11 /home/lex/tmp/my/open-ath9k-htc-firmware/target_firmware/magpie_fw_dev/build/k2_1_0/image/k2_ram/../../../..//build/k2_1_0/lib/ram/libadf.a(adf_net.o)
                0x000000000090b15c                __adf_net_register_drv
                0x000000000090b168                __adf_net_unregister_drv
 *fill*         0x000000000090b16d        0x0 
 *fill*         0x000000000090b16d        0x0 
 *(.fini.literal)
 *(.fini)
 *(.gnu.version)
                0x000000000090b16d                _text_end = ABSOLUTE (.)
                0x000000000090b16d                _etext = .

.iram0.text     0x000000000090b16d        0x0
                0x000000000090b16d                _iram0_text_start = ABSOLUTE (.)
 *(.iram0.literal .iram.literal .iram.text.literal .iram0.text .iram.text)
                0x000000000090b16d                _iram0_text_end = ABSOLUTE (.)

.debug
 *(.debug)

.line
 *(.line)

.debug_srcinfo
 *(.debug_srcinfo)

.debug_sfnames
 *(.debug_sfnames)

.debug_aranges  0x0000000000000000      0x320
 *(.debug_aranges)
 .debug_aranges
                0x0000000000000000       0x20 /home/lex/tmp/my/open-ath9k-htc-firmware/target_firmware/magpie_fw_dev/build/k2_1_0/image/k2_ram/../../../..//build/k2_1_0/ram/init/obj/app_start.o
 .debug_aranges
                0x0000000000000020       0x20 /home/lex/tmp/my/open-ath9k-htc-firmware/target_firmware/magpie_fw_dev/build/k2_1_0/image/k2_ram/../../../..//build/k2_1_0/ram/init/obj/init.o
 .debug_aranges
                0x0000000000000040       0x20 /home/lex/tmp/my/open-ath9k-htc-firmware/target_firmware/magpie_fw_dev/build/k2_1_0/image/k2_ram/../../../..//build/k2_1_0/ram/init/obj/magpie.o
 .debug_aranges
                0x0000000000000060       0x20 /home/lex/tmp/my/open-ath9k-htc-firmware/target_firmware/magpie_fw_dev/build/k2_1_0/image/k2_ram/../../../..//build/k2_1_0/lib/ram/libcmnos.a(k2_cmnos_clock_patch.o)
 .debug_aranges
                0x0000000000000080       0x20 /home/lex/tmp/my/open-ath9k-htc-firmware/target_firmware/magpie_fw_dev/build/k2_1_0/image/k2_ram/../../../..//build/k2_1_0/lib/ram/libcmnos.a(k2_fw_cmnos_printf.o)
 .debug_aranges
                0x00000000000000a0       0x20 /home/lex/tmp/my/open-ath9k-htc-firmware/target_firmware/magpie_fw_dev/build/k2_1_0/image/k2_ram/../../../..//build/k2_1_0/lib/ram/libadf.a(adf_nbuf.o)
 .debug_aranges
                0x00000000000000c0       0x20 /home/lex/tmp/my/open-ath9k-htc-firmware/target_firmware/magpie_fw_dev/build/k2_1_0/image/k2_ram/../../../..//build/k2_1_0/lib/ram/libwmi.a(wmi_svc.o)
 .debug_aranges
                0x00000000000000e0       0x20 /home/lex/tmp/my/open-ath9k-htc-firmware/target_firmware/magpie_fw_dev/build/k2_1_0/image/k2_ram/../../../..//build/k2_1_0/lib/ram/libwlan.a(wlan_pci.o)
 .debug_aranges
                0x0000000000000100       0x20 /home/lex/tmp/my/open-ath9k-htc-firmware/target_firmware/magpie_fw_dev/build/k2_1_0/image/k2_ram/../../../..//build/k2_1_0/lib/ram/libcarrier_apd.a(if_ath_pci.o)
 .debug_aranges
                0x0000000000000120       0x20 /home/lex/tmp/my/open-ath9k-htc-firmware/target_firmware/magpie_fw_dev/build/k2_1_0/image/k2_ram/../../../..//build/k2_1_0/lib/ram/libcarrier_apd.a(if_ath.o)
 .debug_aranges
                0x0000000000000140       0x20 /home/lex/tmp/my/open-ath9k-htc-firmware/target_firmware/magpie_fw_dev/build/k2_1_0/image/k2_ram/../../../..//build/k2_1_0/lib/ram/libcarrier_apd.a(if_owl.o)
 .debug_aranges
                0x0000000000000160       0x20 /home/lex/tmp/my/open-ath9k-htc-firmware/target_firmware/magpie_fw_dev/build/k2_1_0/image/k2_ram/../../../..//build/k2_1_0/lib/ram/libcarrier_apd.a(ieee80211_output.o)
 .debug_aranges
                0x0000000000000180       0x20 /home/lex/tmp/my/open-ath9k-htc-firmware/target_firmware/magpie_fw_dev/build/k2_1_0/image/k2_ram/../../../..//build/k2_1_0/lib/ram/libcarrier_apd.a(ratectrl_11n_ln.o)
 .debug_aranges
                0x00000000000001a0       0x20 /home/lex/tmp/my/open-ath9k-htc-firmware/target_firmware/magpie_fw_dev/build/k2_1_0/image/k2_ram/../../../..//build/k2_1_0/lib/ram/libcarrier_apd.a(ah.o)
 .debug_aranges
                0x00000000000001c0       0x20 /home/lex/tmp/my/open-ath9k-htc-firmware/target_firmware/magpie_fw_dev/build/k2_1_0/image/k2_ram/../../../..//build/k2_1_0/lib/ram/libcarrier_apd.a(ar5416_hw.o)
 .debug_aranges
                0x00000000000001e0       0x20 /home/lex/tmp/my/open-ath9k-htc-firmware/target_firmware/magpie_fw_dev/build/k2_1_0/image/k2_ram/../../../..//build/k2_1_0/lib/ram/libcarrier_apd.a(ar5416_phy.o)
 .debug_aranges
                0x0000000000000200       0x20 /home/lex/tmp/my/open-ath9k-htc-firmware/target_firmware/magpie_fw_dev/build/k2_1_0/image/k2_ram/../../../..//build/k2_1_0/lib/ram/libcarrier_apd.a(ah_osdep.o)
 .debug_aranges
                0x0000000000000220       0x20 /home/lex/tmp/my/open-ath9k-htc-firmware/target_firmware/magpie_fw_dev/build/k2_1_0/image/k2_ram/../../../..//build/k2_1_0/lib/ram/libcarrier_apd.a(ar5416Phy.o)
 .debug_aranges
                0x0000000000000240       0x20 /home/lex/tmp/my/open-ath9k-htc-firmware/target_firmware/magpie_fw_dev/build/k2_1_0/image/k2_ram/../../../..//build/k2_1_0/lib/ram/libbuf_pool.a(buf_pool_static.o)
 .debug_aranges
                0x0000000000000260       0x20 /home/lex/tmp/my/open-ath9k-htc-firmware/target_firmware/magpie_fw_dev/build/k2_1_0/image/k2_ram/../../../..//build/k2_1_0/lib/ram/libhif.a(k2_fw_usb_api.o)
 .debug_aranges
                0x0000000000000280       0x20 /home/lex/tmp/my/open-ath9k-htc-firmware/target_firmware/magpie_fw_dev/build/k2_1_0/image/k2_ram/../../../..//build/k2_1_0/lib/ram/libhif.a(k2_HIF_usb_patch.o)
 .debug_aranges
                0x00000000000002a0       0x20 /home/lex/tmp/my/open-ath9k-htc-firmware/target_firmware/magpie_fw_dev/build/k2_1_0/image/k2_ram/../../../..//build/k2_1_0/lib/ram/libhtc.a(htc.o)
 .debug_aranges
                0x00000000000002c0       0x20 /home/lex/tmp/my/open-ath9k-htc-firmware/target_firmware/magpie_fw_dev/build/k2_1_0/image/k2_ram/../../../..//build/k2_1_0/lib/ram/libadf.a(adf_net.o)
 .debug_aranges
                0x00000000000002e0       0x20 /home/lex/tmp/my/open-ath9k-htc-firmware/target_firmware/magpie_fw_dev/build/k2_1_0/image/k2_ram/../../../..//build/k2_1_0/lib/ram/libadf.a(adf_os_dma.o)
 .debug_aranges
                0x0000000000000300       0x20 /home/lex/tmp/my/open-ath9k-htc-firmware/target_firmware/magpie_fw_dev/build/k2_1_0/image/k2_ram/../../../..//build/k2_1_0/lib/ram/libadf.a(adf_os_irq_pvt.o)

.debug_pubnames
 *(.debug_pubnames)

.debug_info     0x0000000000000000    0x55096
 *(.debug_info)
 .debug_info    0x0000000000000000     0x27e0 /home/lex/tmp/my/open-ath9k-htc-firmware/target_firmware/magpie_fw_dev/build/k2_1_0/image/k2_ram/../../../..//build/k2_1_0/ram/init/obj/app_start.o
 .debug_info    0x00000000000027e0     0x2566 /home/lex/tmp/my/open-ath9k-htc-firmware/target_firmware/magpie_fw_dev/build/k2_1_0/image/k2_ram/../../../..//build/k2_1_0/ram/init/obj/init.o
 .debug_info    0x0000000000004d46     0x26d0 /home/lex/tmp/my/open-ath9k-htc-firmware/target_firmware/magpie_fw_dev/build/k2_1_0/image/k2_ram/../../../..//build/k2_1_0/ram/init/obj/magpie.o
 .debug_info    0x0000000000007416     0x2421 /home/lex/tmp/my/open-ath9k-htc-firmware/target_firmware/magpie_fw_dev/build/k2_1_0/image/k2_ram/../../../..//build/k2_1_0/lib/ram/libcmnos.a(k2_cmnos_clock_patch.o)
 .debug_info    0x0000000000009837     0x26c4 /home/lex/tmp/my/open-ath9k-htc-firmware/target_firmware/magpie_fw_dev/build/k2_1_0/image/k2_ram/../../../..//build/k2_1_0/lib/ram/libcmnos.a(k2_fw_cmnos_printf.o)
 .debug_info    0x000000000000befb     0x305a /home/lex/tmp/my/open-ath9k-htc-firmware/target_firmware/magpie_fw_dev/build/k2_1_0/image/k2_ram/../../../..//build/k2_1_0/lib/ram/libadf.a(adf_nbuf.o)
 .debug_info    0x000000000000ef55     0x2b6b /home/lex/tmp/my/open-ath9k-htc-firmware/target_firmware/magpie_fw_dev/build/k2_1_0/image/k2_ram/../../../..//build/k2_1_0/lib/ram/libwmi.a(wmi_svc.o)
 .debug_info    0x0000000000011ac0     0x27ea /home/lex/tmp/my/open-ath9k-htc-firmware/target_firmware/magpie_fw_dev/build/k2_1_0/image/k2_ram/../../../..//build/k2_1_0/lib/ram/libwlan.a(wlan_pci.o)
 .debug_info    0x00000000000142aa     0x5031 /home/lex/tmp/my/open-ath9k-htc-firmware/target_firmware/magpie_fw_dev/build/k2_1_0/image/k2_ram/../../../..//build/k2_1_0/lib/ram/libcarrier_apd.a(if_ath_pci.o)
 .debug_info    0x00000000000192db     0xa25c /home/lex/tmp/my/open-ath9k-htc-firmware/target_firmware/magpie_fw_dev/build/k2_1_0/image/k2_ram/../../../..//build/k2_1_0/lib/ram/libcarrier_apd.a(if_ath.o)
 .debug_info    0x0000000000023537     0x9077 /home/lex/tmp/my/open-ath9k-htc-firmware/target_firmware/magpie_fw_dev/build/k2_1_0/image/k2_ram/../../../..//build/k2_1_0/lib/ram/libcarrier_apd.a(if_owl.o)
 .debug_info    0x000000000002c5ae     0x251a /home/lex/tmp/my/open-ath9k-htc-firmware/target_firmware/magpie_fw_dev/build/k2_1_0/image/k2_ram/../../../..//build/k2_1_0/lib/ram/libcarrier_apd.a(ieee80211_output.o)
 .debug_info    0x000000000002eac8     0x664c /home/lex/tmp/my/open-ath9k-htc-firmware/target_firmware/magpie_fw_dev/build/k2_1_0/image/k2_ram/../../../..//build/k2_1_0/lib/ram/libcarrier_apd.a(ratectrl_11n_ln.o)
 .debug_info    0x0000000000035114     0x3b76 /home/lex/tmp/my/open-ath9k-htc-firmware/target_firmware/magpie_fw_dev/build/k2_1_0/image/k2_ram/../../../..//build/k2_1_0/lib/ram/libcarrier_apd.a(ah.o)
 .debug_info    0x0000000000038c8a     0x566f /home/lex/tmp/my/open-ath9k-htc-firmware/target_firmware/magpie_fw_dev/build/k2_1_0/image/k2_ram/../../../..//build/k2_1_0/lib/ram/libcarrier_apd.a(ar5416_hw.o)
 .debug_info    0x000000000003e2f9     0x3506 /home/lex/tmp/my/open-ath9k-htc-firmware/target_firmware/magpie_fw_dev/build/k2_1_0/image/k2_ram/../../../..//build/k2_1_0/lib/ram/libcarrier_apd.a(ar5416_phy.o)
 .debug_info    0x00000000000417ff     0x39d6 /home/lex/tmp/my/open-ath9k-htc-firmware/target_firmware/magpie_fw_dev/build/k2_1_0/image/k2_ram/../../../..//build/k2_1_0/lib/ram/libcarrier_apd.a(ah_osdep.o)
 .debug_info    0x00000000000451d5     0x25b1 /home/lex/tmp/my/open-ath9k-htc-firmware/target_firmware/magpie_fw_dev/build/k2_1_0/image/k2_ram/../../../..//build/k2_1_0/lib/ram/libcarrier_apd.a(ar5416Phy.o)
 .debug_info    0x0000000000047786     0x2590 /home/lex/tmp/my/open-ath9k-htc-firmware/target_firmware/magpie_fw_dev/build/k2_1_0/image/k2_ram/../../../..//build/k2_1_0/lib/ram/libbuf_pool.a(buf_pool_static.o)
 .debug_info    0x0000000000049d16     0x2963 /home/lex/tmp/my/open-ath9k-htc-firmware/target_firmware/magpie_fw_dev/build/k2_1_0/image/k2_ram/../../../..//build/k2_1_0/lib/ram/libhif.a(k2_fw_usb_api.o)
 .debug_info    0x000000000004c679     0x22c5 /home/lex/tmp/my/open-ath9k-htc-firmware/target_firmware/magpie_fw_dev/build/k2_1_0/image/k2_ram/../../../..//build/k2_1_0/lib/ram/libhif.a(k2_HIF_usb_patch.o)
 .debug_info    0x000000000004e93e     0x3e70 /home/lex/tmp/my/open-ath9k-htc-firmware/target_firmware/magpie_fw_dev/build/k2_1_0/image/k2_ram/../../../..//build/k2_1_0/lib/ram/libhtc.a(htc.o)
 .debug_info    0x00000000000527ae      0x41b /home/lex/tmp/my/open-ath9k-htc-firmware/target_firmware/magpie_fw_dev/build/k2_1_0/image/k2_ram/../../../..//build/k2_1_0/lib/ram/libadf.a(adf_net.o)
 .debug_info    0x0000000000052bc9     0x237a /home/lex/tmp/my/open-ath9k-htc-firmware/target_firmware/magpie_fw_dev/build/k2_1_0/image/k2_ram/../../../..//build/k2_1_0/lib/ram/libadf.a(adf_os_dma.o)
 .debug_info    0x0000000000054f43      0x153 /home/lex/tmp/my/open-ath9k-htc-firmware/target_firmware/magpie_fw_dev/build/k2_1_0/image/k2_ram/../../../..//build/k2_1_0/lib/ram/libadf.a(adf_os_irq_pvt.o)

.debug_abbrev   0x0000000000000000     0x5440
 *(.debug_abbrev)
 .debug_abbrev  0x0000000000000000      0x294 /home/lex/tmp/my/open-ath9k-htc-firmware/target_firmware/magpie_fw_dev/build/k2_1_0/image/k2_ram/../../../..//build/k2_1_0/ram/init/obj/app_start.o
 .debug_abbrev  0x0000000000000294      0x270 /home/lex/tmp/my/open-ath9k-htc-firmware/target_firmware/magpie_fw_dev/build/k2_1_0/image/k2_ram/../../../..//build/k2_1_0/ram/init/obj/init.o
 .debug_abbrev  0x0000000000000504      0x2f8 /home/lex/tmp/my/open-ath9k-htc-firmware/target_firmware/magpie_fw_dev/build/k2_1_0/image/k2_ram/../../../..//build/k2_1_0/ram/init/obj/magpie.o
 .debug_abbrev  0x00000000000007fc      0x273 /home/lex/tmp/my/open-ath9k-htc-firmware/target_firmware/magpie_fw_dev/build/k2_1_0/image/k2_ram/../../../..//build/k2_1_0/lib/ram/libcmnos.a(k2_cmnos_clock_patch.o)
 .debug_abbrev  0x0000000000000a6f      0x336 /home/lex/tmp/my/open-ath9k-htc-firmware/target_firmware/magpie_fw_dev/build/k2_1_0/image/k2_ram/../../../..//build/k2_1_0/lib/ram/libcmnos.a(k2_fw_cmnos_printf.o)
 .debug_abbrev  0x0000000000000da5      0x448 /home/lex/tmp/my/open-ath9k-htc-firmware/target_firmware/magpie_fw_dev/build/k2_1_0/image/k2_ram/../../../..//build/k2_1_0/lib/ram/libadf.a(adf_nbuf.o)
 .debug_abbrev  0x00000000000011ed      0x438 /home/lex/tmp/my/open-ath9k-htc-firmware/target_firmware/magpie_fw_dev/build/k2_1_0/image/k2_ram/../../../..//build/k2_1_0/lib/ram/libwmi.a(wmi_svc.o)
 .debug_abbrev  0x0000000000001625      0x2e5 /home/lex/tmp/my/open-ath9k-htc-firmware/target_firmware/magpie_fw_dev/build/k2_1_0/image/k2_ram/../../../..//build/k2_1_0/lib/ram/libwlan.a(wlan_pci.o)
 .debug_abbrev  0x000000000000190a      0x40c /home/lex/tmp/my/open-ath9k-htc-firmware/target_firmware/magpie_fw_dev/build/k2_1_0/image/k2_ram/../../../..//build/k2_1_0/lib/ram/libcarrier_apd.a(if_ath_pci.o)
 .debug_abbrev  0x0000000000001d16      0x712 /home/lex/tmp/my/open-ath9k-htc-firmware/target_firmware/magpie_fw_dev/build/k2_1_0/image/k2_ram/../../../..//build/k2_1_0/lib/ram/libcarrier_apd.a(if_ath.o)
 .debug_abbrev  0x0000000000002428      0x69c /home/lex/tmp/my/open-ath9k-htc-firmware/target_firmware/magpie_fw_dev/build/k2_1_0/image/k2_ram/../../../..//build/k2_1_0/lib/ram/libcarrier_apd.a(if_owl.o)
 .debug_abbrev  0x0000000000002ac4      0x1f6 /home/lex/tmp/my/open-ath9k-htc-firmware/target_firmware/magpie_fw_dev/build/k2_1_0/image/k2_ram/../../../..//build/k2_1_0/lib/ram/libcarrier_apd.a(ieee80211_output.o)
 .debug_abbrev  0x0000000000002cba      0x4ee /home/lex/tmp/my/open-ath9k-htc-firmware/target_firmware/magpie_fw_dev/build/k2_1_0/image/k2_ram/../../../..//build/k2_1_0/lib/ram/libcarrier_apd.a(ratectrl_11n_ln.o)
 .debug_abbrev  0x00000000000031a8      0x36e /home/lex/tmp/my/open-ath9k-htc-firmware/target_firmware/magpie_fw_dev/build/k2_1_0/image/k2_ram/../../../..//build/k2_1_0/lib/ram/libcarrier_apd.a(ah.o)
 .debug_abbrev  0x0000000000003516      0x521 /home/lex/tmp/my/open-ath9k-htc-firmware/target_firmware/magpie_fw_dev/build/k2_1_0/image/k2_ram/../../../..//build/k2_1_0/lib/ram/libcarrier_apd.a(ar5416_hw.o)
 .debug_abbrev  0x0000000000003a37      0x22e /home/lex/tmp/my/open-ath9k-htc-firmware/target_firmware/magpie_fw_dev/build/k2_1_0/image/k2_ram/../../../..//build/k2_1_0/lib/ram/libcarrier_apd.a(ar5416_phy.o)
 .debug_abbrev  0x0000000000003c65      0x38a /home/lex/tmp/my/open-ath9k-htc-firmware/target_firmware/magpie_fw_dev/build/k2_1_0/image/k2_ram/../../../..//build/k2_1_0/lib/ram/libcarrier_apd.a(ah_osdep.o)
 .debug_abbrev  0x0000000000003fef      0x1df /home/lex/tmp/my/open-ath9k-htc-firmware/target_firmware/magpie_fw_dev/build/k2_1_0/image/k2_ram/../../../..//build/k2_1_0/lib/ram/libcarrier_apd.a(ar5416Phy.o)
 .debug_abbrev  0x00000000000041ce      0x2b1 /home/lex/tmp/my/open-ath9k-htc-firmware/target_firmware/magpie_fw_dev/build/k2_1_0/image/k2_ram/../../../..//build/k2_1_0/lib/ram/libbuf_pool.a(buf_pool_static.o)
 .debug_abbrev  0x000000000000447f      0x3cf /home/lex/tmp/my/open-ath9k-htc-firmware/target_firmware/magpie_fw_dev/build/k2_1_0/image/k2_ram/../../../..//build/k2_1_0/lib/ram/libhif.a(k2_fw_usb_api.o)
 .debug_abbrev  0x000000000000484e      0x221 /home/lex/tmp/my/open-ath9k-htc-firmware/target_firmware/magpie_fw_dev/build/k2_1_0/image/k2_ram/../../../..//build/k2_1_0/lib/ram/libhif.a(k2_HIF_usb_patch.o)
 .debug_abbrev  0x0000000000004a6f      0x549 /home/lex/tmp/my/open-ath9k-htc-firmware/target_firmware/magpie_fw_dev/build/k2_1_0/image/k2_ram/../../../..//build/k2_1_0/lib/ram/libhtc.a(htc.o)
 .debug_abbrev  0x0000000000004fb8      0x171 /home/lex/tmp/my/open-ath9k-htc-firmware/target_firmware/magpie_fw_dev/build/k2_1_0/image/k2_ram/../../../..//build/k2_1_0/lib/ram/libadf.a(adf_net.o)
 .debug_abbrev  0x0000000000005129      0x20b /home/lex/tmp/my/open-ath9k-htc-firmware/target_firmware/magpie_fw_dev/build/k2_1_0/image/k2_ram/../../../..//build/k2_1_0/lib/ram/libadf.a(adf_os_dma.o)
 .debug_abbrev  0x0000000000005334      0x10c /home/lex/tmp/my/open-ath9k-htc-firmware/target_firmware/magpie_fw_dev/build/k2_1_0/image/k2_ram/../../../..//build/k2_1_0/lib/ram/libadf.a(adf_os_irq_pvt.o)

.debug_line     0x0000000000000000    0x13084
 *(.debug_line)
 .debug_line    0x0000000000000000      0x951 /home/lex/tmp/my/open-ath9k-htc-firmware/target_firmware/magpie_fw_dev/build/k2_1_0/image/k2_ram/../../../..//build/k2_1_0/ram/init/obj/app_start.o
 .debug_line    0x0000000000000951      0x80e /home/lex/tmp/my/open-ath9k-htc-firmware/target_firmware/magpie_fw_dev/build/k2_1_0/image/k2_ram/../../../..//build/k2_1_0/ram/init/obj/init.o
 .debug_line    0x000000000000115f      0x7cb /home/lex/tmp/my/open-ath9k-htc-firmware/target_firmware/magpie_fw_dev/build/k2_1_0/image/k2_ram/../../../..//build/k2_1_0/ram/init/obj/magpie.o
 .debug_line    0x000000000000192a      0x7dd /home/lex/tmp/my/open-ath9k-htc-firmware/target_firmware/magpie_fw_dev/build/k2_1_0/image/k2_ram/../../../..//build/k2_1_0/lib/ram/libcmnos.a(k2_cmnos_clock_patch.o)
 .debug_line    0x0000000000002107      0xad3 /home/lex/tmp/my/open-ath9k-htc-firmware/target_firmware/magpie_fw_dev/build/k2_1_0/image/k2_ram/../../../..//build/k2_1_0/lib/ram/libcmnos.a(k2_fw_cmnos_printf.o)
 .debug_line    0x0000000000002bda      0xc17 /home/lex/tmp/my/open-ath9k-htc-firmware/target_firmware/magpie_fw_dev/build/k2_1_0/image/k2_ram/../../../..//build/k2_1_0/lib/ram/libadf.a(adf_nbuf.o)
 .debug_line    0x00000000000037f1      0x9ba /home/lex/tmp/my/open-ath9k-htc-firmware/target_firmware/magpie_fw_dev/build/k2_1_0/image/k2_ram/../../../..//build/k2_1_0/lib/ram/libwmi.a(wmi_svc.o)
 .debug_line    0x00000000000041ab      0x80e /home/lex/tmp/my/open-ath9k-htc-firmware/target_firmware/magpie_fw_dev/build/k2_1_0/image/k2_ram/../../../..//build/k2_1_0/lib/ram/libwlan.a(wlan_pci.o)
 .debug_line    0x00000000000049b9      0x9ee /home/lex/tmp/my/open-ath9k-htc-firmware/target_firmware/magpie_fw_dev/build/k2_1_0/image/k2_ram/../../../..//build/k2_1_0/lib/ram/libcarrier_apd.a(if_ath_pci.o)
 .debug_line    0x00000000000053a7     0x23fc /home/lex/tmp/my/open-ath9k-htc-firmware/target_firmware/magpie_fw_dev/build/k2_1_0/image/k2_ram/../../../..//build/k2_1_0/lib/ram/libcarrier_apd.a(if_ath.o)
 .debug_line    0x00000000000077a3     0x2b55 /home/lex/tmp/my/open-ath9k-htc-firmware/target_firmware/magpie_fw_dev/build/k2_1_0/image/k2_ram/../../../..//build/k2_1_0/lib/ram/libcarrier_apd.a(if_owl.o)
 .debug_line    0x000000000000a2f8      0x7f8 /home/lex/tmp/my/open-ath9k-htc-firmware/target_firmware/magpie_fw_dev/build/k2_1_0/image/k2_ram/../../../..//build/k2_1_0/lib/ram/libcarrier_apd.a(ieee80211_output.o)
 .debug_line    0x000000000000aaf0     0x15e2 /home/lex/tmp/my/open-ath9k-htc-firmware/target_firmware/magpie_fw_dev/build/k2_1_0/image/k2_ram/../../../..//build/k2_1_0/lib/ram/libcarrier_apd.a(ratectrl_11n_ln.o)
 .debug_line    0x000000000000c0d2      0x8cb /home/lex/tmp/my/open-ath9k-htc-firmware/target_firmware/magpie_fw_dev/build/k2_1_0/image/k2_ram/../../../..//build/k2_1_0/lib/ram/libcarrier_apd.a(ah.o)
 .debug_line    0x000000000000c99d     0x1715 /home/lex/tmp/my/open-ath9k-htc-firmware/target_firmware/magpie_fw_dev/build/k2_1_0/image/k2_ram/../../../..//build/k2_1_0/lib/ram/libcarrier_apd.a(ar5416_hw.o)
 .debug_line    0x000000000000e0b2      0x76e /home/lex/tmp/my/open-ath9k-htc-firmware/target_firmware/magpie_fw_dev/build/k2_1_0/image/k2_ram/../../../..//build/k2_1_0/lib/ram/libcarrier_apd.a(ar5416_phy.o)
 .debug_line    0x000000000000e820      0x8f6 /home/lex/tmp/my/open-ath9k-htc-firmware/target_firmware/magpie_fw_dev/build/k2_1_0/image/k2_ram/../../../..//build/k2_1_0/lib/ram/libcarrier_apd.a(ah_osdep.o)
 .debug_line    0x000000000000f116      0x7cb /home/lex/tmp/my/open-ath9k-htc-firmware/target_firmware/magpie_fw_dev/build/k2_1_0/image/k2_ram/../../../..//build/k2_1_0/lib/ram/libcarrier_apd.a(ar5416Phy.o)
 .debug_line    0x000000000000f8e1      0x86f /home/lex/tmp/my/open-ath9k-htc-firmware/target_firmware/magpie_fw_dev/build/k2_1_0/image/k2_ram/../../../..//build/k2_1_0/lib/ram/libbuf_pool.a(buf_pool_static.o)
 .debug_line    0x0000000000010150      0xd7b /home/lex/tmp/my/open-ath9k-htc-firmware/target_firmware/magpie_fw_dev/build/k2_1_0/image/k2_ram/../../../..//build/k2_1_0/lib/ram/libhif.a(k2_fw_usb_api.o)
 .debug_line    0x0000000000010ecb      0x748 /home/lex/tmp/my/open-ath9k-htc-firmware/target_firmware/magpie_fw_dev/build/k2_1_0/image/k2_ram/../../../..//build/k2_1_0/lib/ram/libhif.a(k2_HIF_usb_patch.o)
 .debug_line    0x0000000000011613      0xf93 /home/lex/tmp/my/open-ath9k-htc-firmware/target_firmware/magpie_fw_dev/build/k2_1_0/image/k2_ram/../../../..//build/k2_1_0/lib/ram/libhtc.a(htc.o)
 .debug_line    0x00000000000125a6      0x28f /home/lex/tmp/my/open-ath9k-htc-firmware/target_firmware/magpie_fw_dev/build/k2_1_0/image/k2_ram/../../../..//build/k2_1_0/lib/ram/libadf.a(adf_net.o)
 .debug_line    0x0000000000012835      0x6d0 /home/lex/tmp/my/open-ath9k-htc-firmware/target_firmware/magpie_fw_dev/build/k2_1_0/image/k2_ram/../../../..//build/k2_1_0/lib/ram/libadf.a(adf_os_dma.o)
 .debug_line    0x0000000000012f05      0x17f /home/lex/tmp/my/open-ath9k-htc-firmware/target_firmware/magpie_fw_dev/build/k2_1_0/image/k2_ram/../../../..//build/k2_1_0/lib/ram/libadf.a(adf_os_irq_pvt.o)

[...]
 .xt.prop       0x0000000000004ec0       0x3c /home/lex/tmp/my/open-ath9k-htc-firmware/target_firmware/magpie_fw_dev/build/k2_1_0/image/k2_ram/../../../..//build/k2_1_0/lib/ram/libadf.a(adf_os_irq_pvt.o)
 *(.gnu.linkonce.prop.*)

.comment        0x0000000000000000       0x6d
 .comment       0x0000000000000000       0x11 /home/lex/tmp/my/open-ath9k-htc-firmware/target_firmware/magpie_fw_dev/build/k2_1_0/image/k2_ram/../../../..//build/k2_1_0/ram/init/obj/app_start.o
                                         0x12 (size before relaxing)
 .comment       0x0000000000000000       0x12 /home/lex/tmp/my/open-ath9k-htc-firmware/target_firmware/magpie_fw_dev/build/k2_1_0/image/k2_ram/../../../..//build/k2_1_0/ram/init/obj/init.o
 .comment       0x0000000000000000       0x12 /home/lex/tmp/my/open-ath9k-htc-firmware/target_firmware/magpie_fw_dev/build/k2_1_0/image/k2_ram/../../../..//build/k2_1_0/ram/init/obj/magpie.o
 .comment       0x0000000000000000       0x12 /home/lex/tmp/my/open-ath9k-htc-firmware/target_firmware/magpie_fw_dev/build/k2_1_0/image/k2_ram/../../../..//build/k2_1_0/lib/ram/libcmnos.a(k2_cmnos_clock_patch.o)
 .comment       0x0000000000000000       0x12 /home/lex/tmp/my/open-ath9k-htc-firmware/target_firmware/magpie_fw_dev/build/k2_1_0/image/k2_ram/../../../..//build/k2_1_0/lib/ram/libcmnos.a(k2_fw_cmnos_printf.o)
 .comment       0x0000000000000000       0x12 /home/lex/tmp/my/open-ath9k-htc-firmware/target_firmware/magpie_fw_dev/build/k2_1_0/image/k2_ram/../../../..//build/k2_1_0/lib/ram/libadf.a(adf_nbuf.o)
 .comment       0x0000000000000000       0x12 /home/lex/tmp/my/open-ath9k-htc-firmware/target_firmware/magpie_fw_dev/build/k2_1_0/image/k2_ram/../../../..//build/k2_1_0/lib/ram/libwmi.a(wmi_svc.o)
 .comment       0x0000000000000000       0x12 /home/lex/tmp/my/open-ath9k-htc-firmware/target_firmware/magpie_fw_dev/build/k2_1_0/image/k2_ram/../../../..//build/k2_1_0/lib/ram/libwlan.a(wlan_pci.o)
 .comment       0x0000000000000000       0x12 /home/lex/tmp/my/open-ath9k-htc-firmware/target_firmware/magpie_fw_dev/build/k2_1_0/image/k2_ram/../../../..//build/k2_1_0/lib/ram/libcarrier_apd.a(if_ath_pci.o)
 .comment       0x0000000000000000       0x12 /home/lex/tmp/my/open-ath9k-htc-firmware/target_firmware/magpie_fw_dev/build/k2_1_0/image/k2_ram/../../../..//build/k2_1_0/lib/ram/libcarrier_apd.a(if_ath.o)
 .comment       0x0000000000000000       0x12 /home/lex/tmp/my/open-ath9k-htc-firmware/target_firmware/magpie_fw_dev/build/k2_1_0/image/k2_ram/../../../..//build/k2_1_0/lib/ram/libcarrier_apd.a(if_owl.o)
 .comment       0x0000000000000000       0x12 /home/lex/tmp/my/open-ath9k-htc-firmware/target_firmware/magpie_fw_dev/build/k2_1_0/image/k2_ram/../../../..//build/k2_1_0/lib/ram/libcarrier_apd.a(ieee80211_output.o)
 .comment       0x0000000000000000       0x12 /home/lex/tmp/my/open-ath9k-htc-firmware/target_firmware/magpie_fw_dev/build/k2_1_0/image/k2_ram/../../../..//build/k2_1_0/lib/ram/libcarrier_apd.a(ratectrl_11n_ln.o)
 .comment       0x0000000000000000       0x12 /home/lex/tmp/my/open-ath9k-htc-firmware/target_firmware/magpie_fw_dev/build/k2_1_0/image/k2_ram/../../../..//build/k2_1_0/lib/ram/libcarrier_apd.a(ah.o)
 .comment       0x0000000000000000       0x12 /home/lex/tmp/my/open-ath9k-htc-firmware/target_firmware/magpie_fw_dev/build/k2_1_0/image/k2_ram/../../../..//build/k2_1_0/lib/ram/libcarrier_apd.a(ar5416_hw.o)
 .comment       0x0000000000000000       0x12 /home/lex/tmp/my/open-ath9k-htc-firmware/target_firmware/magpie_fw_dev/build/k2_1_0/image/k2_ram/../../../..//build/k2_1_0/lib/ram/libcarrier_apd.a(ar5416_phy.o)
 .comment       0x0000000000000000       0x12 /home/lex/tmp/my/open-ath9k-htc-firmware/target_firmware/magpie_fw_dev/build/k2_1_0/image/k2_ram/../../../..//build/k2_1_0/lib/ram/libcarrier_apd.a(ah_osdep.o)
 .comment       0x0000000000000011       0x5c /home/lex/tmp/my/open-ath9k-htc-firmware/target_firmware/magpie_fw_dev/build/k2_1_0/image/k2_ram/../../../..//build/k2_1_0/lib/ram/libcarrier_apd.a(ar5416Phy.o)
                                         0x6e (size before relaxing)
 .comment       0x0000000000000000       0x12 /home/lex/tmp/my/open-ath9k-htc-firmware/target_firmware/magpie_fw_dev/build/k2_1_0/image/k2_ram/../../../..//build/k2_1_0/lib/ram/libbuf_pool.a(buf_pool_static.o)
 .comment       0x0000000000000000       0x12 /home/lex/tmp/my/open-ath9k-htc-firmware/target_firmware/magpie_fw_dev/build/k2_1_0/image/k2_ram/../../../..//build/k2_1_0/lib/ram/libhif.a(k2_fw_usb_api.o)
 .comment       0x0000000000000000       0x12 /home/lex/tmp/my/open-ath9k-htc-firmware/target_firmware/magpie_fw_dev/build/k2_1_0/image/k2_ram/../../../..//build/k2_1_0/lib/ram/libhif.a(k2_HIF_usb_patch.o)
 .comment       0x0000000000000000       0x12 /home/lex/tmp/my/open-ath9k-htc-firmware/target_firmware/magpie_fw_dev/build/k2_1_0/image/k2_ram/../../../..//build/k2_1_0/lib/ram/libhtc.a(htc.o)
 .comment       0x0000000000000000       0x12 /home/lex/tmp/my/open-ath9k-htc-firmware/target_firmware/magpie_fw_dev/build/k2_1_0/image/k2_ram/../../../..//build/k2_1_0/lib/ram/libadf.a(adf_net.o)
 .comment       0x0000000000000000       0x12 /home/lex/tmp/my/open-ath9k-htc-firmware/target_firmware/magpie_fw_dev/build/k2_1_0/image/k2_ram/../../../..//build/k2_1_0/lib/ram/libadf.a(adf_os_dma.o)
 .comment       0x0000000000000000       0x12 /home/lex/tmp/my/open-ath9k-htc-firmware/target_firmware/magpie_fw_dev/build/k2_1_0/image/k2_ram/../../../..//build/k2_1_0/lib/ram/libadf.a(adf_os_irq_pvt.o)

.xtensa.info    0x0000000000000000       0x38
 .xtensa.info   0x0000000000000000       0x38 /home/lex/tmp/my/open-ath9k-htc-firmware/target_firmware/magpie_fw_dev/build/k2_1_0/image/k2_ram/../../../..//build/k2_1_0/ram/init/obj/app_start.o
 .xtensa.info   0x0000000000000000        0x0 /home/lex/tmp/my/open-ath9k-htc-firmware/target_firmware/magpie_fw_dev/build/k2_1_0/image/k2_ram/../../../..//build/k2_1_0/ram/init/obj/init.o
 .xtensa.info   0x0000000000000000        0x0 /home/lex/tmp/my/open-ath9k-htc-firmware/target_firmware/magpie_fw_dev/build/k2_1_0/image/k2_ram/../../../..//build/k2_1_0/ram/init/obj/magpie.o
 .xtensa.info   0x0000000000000000        0x0 /home/lex/tmp/my/open-ath9k-htc-firmware/target_firmware/magpie_fw_dev/build/k2_1_0/image/k2_ram/../../../..//build/k2_1_0/lib/ram/libcmnos.a(k2_cmnos_clock_patch.o)
 .xtensa.info   0x0000000000000000        0x0 /home/lex/tmp/my/open-ath9k-htc-firmware/target_firmware/magpie_fw_dev/build/k2_1_0/image/k2_ram/../../../..//build/k2_1_0/lib/ram/libcmnos.a(k2_fw_cmnos_printf.o)
 .xtensa.info   0x0000000000000000        0x0 /home/lex/tmp/my/open-ath9k-htc-firmware/target_firmware/magpie_fw_dev/build/k2_1_0/image/k2_ram/../../../..//build/k2_1_0/lib/ram/libadf.a(adf_nbuf.o)
 .xtensa.info   0x0000000000000000        0x0 /home/lex/tmp/my/open-ath9k-htc-firmware/target_firmware/magpie_fw_dev/build/k2_1_0/image/k2_ram/../../../..//build/k2_1_0/lib/ram/libwmi.a(wmi_svc.o)
 .xtensa.info   0x0000000000000000        0x0 /home/lex/tmp/my/open-ath9k-htc-firmware/target_firmware/magpie_fw_dev/build/k2_1_0/image/k2_ram/../../../..//build/k2_1_0/lib/ram/libwlan.a(wlan_pci.o)
 .xtensa.info   0x0000000000000000        0x0 /home/lex/tmp/my/open-ath9k-htc-firmware/target_firmware/magpie_fw_dev/build/k2_1_0/image/k2_ram/../../../..//build/k2_1_0/lib/ram/libcarrier_apd.a(if_ath_pci.o)
 .xtensa.info   0x0000000000000000        0x0 /home/lex/tmp/my/open-ath9k-htc-firmware/target_firmware/magpie_fw_dev/build/k2_1_0/image/k2_ram/../../../..//build/k2_1_0/lib/ram/libcarrier_apd.a(if_ath.o)
 .xtensa.info   0x0000000000000000        0x0 /home/lex/tmp/my/open-ath9k-htc-firmware/target_firmware/magpie_fw_dev/build/k2_1_0/image/k2_ram/../../../..//build/k2_1_0/lib/ram/libcarrier_apd.a(if_owl.o)
 .xtensa.info   0x0000000000000000        0x0 /home/lex/tmp/my/open-ath9k-htc-firmware/target_firmware/magpie_fw_dev/build/k2_1_0/image/k2_ram/../../../..//build/k2_1_0/lib/ram/libcarrier_apd.a(ieee80211_output.o)
 .xtensa.info   0x0000000000000000        0x0 /home/lex/tmp/my/open-ath9k-htc-firmware/target_firmware/magpie_fw_dev/build/k2_1_0/image/k2_ram/../../../..//build/k2_1_0/lib/ram/libcarrier_apd.a(ratectrl_11n_ln.o)
 .xtensa.info   0x0000000000000000        0x0 /home/lex/tmp/my/open-ath9k-htc-firmware/target_firmware/magpie_fw_dev/build/k2_1_0/image/k2_ram/../../../..//build/k2_1_0/lib/ram/libcarrier_apd.a(ah.o)
 .xtensa.info   0x0000000000000000        0x0 /home/lex/tmp/my/open-ath9k-htc-firmware/target_firmware/magpie_fw_dev/build/k2_1_0/image/k2_ram/../../../..//build/k2_1_0/lib/ram/libcarrier_apd.a(ar5416_hw.o)
 .xtensa.info   0x0000000000000000        0x0 /home/lex/tmp/my/open-ath9k-htc-firmware/target_firmware/magpie_fw_dev/build/k2_1_0/image/k2_ram/../../../..//build/k2_1_0/lib/ram/libcarrier_apd.a(ar5416_phy.o)
 .xtensa.info   0x0000000000000000        0x0 /home/lex/tmp/my/open-ath9k-htc-firmware/target_firmware/magpie_fw_dev/build/k2_1_0/image/k2_ram/../../../..//build/k2_1_0/lib/ram/libcarrier_apd.a(ah_osdep.o)
 .xtensa.info   0x0000000000000000        0x0 /home/lex/tmp/my/open-ath9k-htc-firmware/target_firmware/magpie_fw_dev/build/k2_1_0/image/k2_ram/../../../..//build/k2_1_0/lib/ram/libcarrier_apd.a(ar5416Phy.o)
 .xtensa.info   0x0000000000000000        0x0 /home/lex/tmp/my/open-ath9k-htc-firmware/target_firmware/magpie_fw_dev/build/k2_1_0/image/k2_ram/../../../..//build/k2_1_0/lib/ram/libbuf_pool.a(buf_pool_static.o)
 .xtensa.info   0x0000000000000000        0x0 /home/lex/tmp/my/open-ath9k-htc-firmware/target_firmware/magpie_fw_dev/build/k2_1_0/image/k2_ram/../../../..//build/k2_1_0/lib/ram/libhif.a(k2_fw_usb_api.o)
 .xtensa.info   0x0000000000000000        0x0 /home/lex/tmp/my/open-ath9k-htc-firmware/target_firmware/magpie_fw_dev/build/k2_1_0/image/k2_ram/../../../..//build/k2_1_0/lib/ram/libhif.a(k2_HIF_usb_patch.o)
 .xtensa.info   0x0000000000000000        0x0 /home/lex/tmp/my/open-ath9k-htc-firmware/target_firmware/magpie_fw_dev/build/k2_1_0/image/k2_ram/../../../..//build/k2_1_0/lib/ram/libhtc.a(htc.o)
 .xtensa.info   0x0000000000000000        0x0 /home/lex/tmp/my/open-ath9k-htc-firmware/target_firmware/magpie_fw_dev/build/k2_1_0/image/k2_ram/../../../..//build/k2_1_0/lib/ram/libadf.a(adf_net.o)
 .xtensa.info   0x0000000000000000        0x0 /home/lex/tmp/my/open-ath9k-htc-firmware/target_firmware/magpie_fw_dev/build/k2_1_0/image/k2_ram/../../../..//build/k2_1_0/lib/ram/libadf.a(adf_os_dma.o)
 .xtensa.info   0x0000000000000000        0x0 /home/lex/tmp/my/open-ath9k-htc-firmware/target_firmware/magpie_fw_dev/build/k2_1_0/image/k2_ram/../../../..//build/k2_1_0/lib/ram/libadf.a(adf_os_irq_pvt.o)

.xt.lit
 *(.xt.lit)
 *(.gnu.linkonce.p.*)
                0x0000000000500000                PROVIDE (_indir_tbl, 0x500000)
                0x00000000008e1548                PROVIDE (athos_indirection_table_install, 0x8e1548)
                0x00000000008e4eb8                PROVIDE (memcpy, 0x8e4eb8)
                0x00000000008e519c                PROVIDE (memset, 0x8e519c)
                0x00000000008e4cec                PROVIDE (__divsi3, 0x8e4cec)
                0x00000000008e4da0                PROVIDE (__udivsi3, 0x8e4da0)
                0x00000000008e4df0                PROVIDE (__umodsi3, 0x8e4df0)
                0x00000000008e4d54                PROVIDE (__modsi3, 0x8e4d54)
                0x00000000008e1600                PROVIDE (athos_interrupt_init, 0x8e1600)
                0x00000000008e1460                PROVIDE (athos_unblock_all_intrlvl, 0x8e1460)
                0x00000000008e15f0                PROVIDE (athos_interrupt_handler, 0x8e15f0)
                0x00000000008e1230                PROVIDE (_xtos_set_interrupt_handler, 0x8e1230)
                0x00000000008e2bd4                PROVIDE (hif_module_install, 0x8e2bd4)
                0x00000000008e48b4                PROVIDE (strcmp, 0x8e48b4)
                0x00000000008e4a64                PROVIDE (strlen, 0x8e4a64)
                0x00000000008e49cc                PROVIDE (strcpy, 0x8e49cc)
                0x00000000008e4b90                PROVIDE (strncpy, 0x8e4b90)
                0x00000000004e5869                PROVIDE (Xthal_num_ccompare, 0x4e5869)
                0x000000000050088c                PROVIDE (cticks, 0x50088c)
                0x00000000004e0100                PROVIDE (UsbDeviceDescriptor, 0x4e0100)
                0x00000000004e01a0                PROVIDE (String00Descriptor, 0x4e01a0)
                0x00000000004e01b0                PROVIDE (String10Descriptor, 0x4e01b0)
                0x00000000004e01c0                PROVIDE (String20Descriptor, 0x4e01c0)
                0x00000000004e01e0                PROVIDE (String30Descriptor, 0x4e01e0)
                0x00000000008e2c18                PROVIDE (HIFusb_DescTraceDump, 0x8e2c18)
                0x00000000008e4cd4                PROVIDE (xthal_get_intenable, 0x8e4cd4)
                0x00000000008e4ce4                PROVIDE (xthal_set_intenable, 0x8e4ce4)
                0x00000000008e4cdc                PROVIDE (xthal_get_interrupt, 0x8e4cdc)
                0x00000000008e4cc4                PROVIDE (xthal_get_ccompare, 0x8e4cc4)
                0x00000000008e4cb4                PROVIDE (xthal_set_ccompare, 0x8e4cb4)
                0x00000000008e4cac                PROVIDE (xthal_get_ccount, 0x8e4cac)
                0x00000000004e5869                PROVIDE (Xthal_num_ccompare, 0x4e5869)
                0x00000000008e4568                PROVIDE (zfDmaReclaimPacket, 0x8e4568)
                0x00000000008e45fc                PROVIDE (zfDmaPutPacket, 0x8e45fc)
                0x00000000008e452c                PROVIDE (zfDmaGetPacket, 0x8e452c)
                0x00000000008e2b18                PROVIDE (handle_hp_rx_complete_isr, 0x8e2b18)
                0x00000000008e2b38                PROVIDE (handle_mp_rx_complete_isr, 0x8e2b38)
                0x00000000008e2adc                PROVIDE (handle_tx_complete_isr, 0x8e2adc)
                0x00000000005009e4                PROVIDE (u16TxRxCounter, 0x5009e4)
                0x00000000005009e0                PROVIDE (pu8DescriptorEX, 0x5009e0)
                0x00000000005009dc                PROVIDE (fwCheckSum, 0x5009dc)
                0x00000000005009f0                PROVIDE (eUsbCxCommand, 0x5009f0)
                0x00000000005009c0                PROVIDE (ControlCmd, 0x5009c0)
                0x00000000005009ec                PROVIDE (eUsbCxFinishAction, 0x5009ec)
                0x00000000005009f4                PROVIDE (UsbChirpFinish, 0x5009f4)
                0x00000000008e1ae8                PROVIDE (cmnos_allocram_debug, 0x8e1ae8)
                0x0000000000500978                PROVIDE (g_hifUSBCtx, 0x500978)
                0x00000000008e2a74                PROVIDE (_HIFusb_return_recv_buf, 0x8e2a74)
                0x00000000008e413c                PROVIDE (vdesc_module_install, 0x8e413c)
                0x00000000008e408c                PROVIDE (vbuf_module_install, 0x8e408c)
                0x00000000008e3ca4                PROVIDE (mUsbFIFOConfig, 0x8e3ca4)
                0x00000000008e3cc4                PROVIDE (mUsbEPMxPtSzHigh, 0x8e3cc4)
                0x00000000008e3cec                PROVIDE (mUsbEPMxPtSzLow, 0x8e3cec)
                0x00000000008e3d10                PROVIDE (mUsbEPinHighBandSet, 0x8e3d10)
                0x00000000008e3ca4                PROVIDE (mUsbFIFOConfig, 0x8e3ca4)
                0x00000000008e3c84                PROVIDE (mUsbFIFOMap, 0x8e3c84)
                0x00000000008e3c68                PROVIDE (mUsbEPMap, 0x8e3c68)
                0x00000000005009cc                PROVIDE (usbFifoConf, 0x5009cc)
                0x00000000005009f8                PROVIDE (u8UsbInterfaceValue, 0x5009f8)
                0x00000000005009f6                PROVIDE (u8UsbConfigValue, 0x5009f6)
                0x00000000005009fa                PROVIDE (u8UsbInterfaceAlternateSetting, 0x5009fa)
                0x00000000005009c0                PROVIDE (ControlCmd, 0x5009c0)
                0x00000000008e3d5c                PROVIDE (vUsbFIFO_EPxCfg_HS, 0x8e3d5c)
                0x00000000008e2d00                PROVIDE (vUsbClrEPx, 0x8e2d00)
                0x00000000008e2f7c                PROVIDE (bSet_configuration, 0x8e2f7c)
                0x00000000008e2b58                PROVIDE (_HIFusb_isr_handler, 0x8e2b58)
                0x00000000008e2ec4                PROVIDE (bGet_descriptor, 0x8e2ec4)
                0x00000000005009e8                PROVIDE (u8ConfigDescriptorEX, 0x5009e8)
                0x00000000008e328c                PROVIDE (bStandardCommand, 0x8e328c)
START GROUP
LOAD /home/lex/tmp/my/open-ath9k-htc-firmware/target_firmware/magpie_fw_dev/build/k2_1_0/image/k2_ram/../../../..//build/k2_1_0/lib/ram/libcmnos.a
LOAD /home/lex/tmp/my/open-ath9k-htc-firmware/target_firmware/magpie_fw_dev/build/k2_1_0/image/k2_ram/../../../..//build/k2_1_0/lib/ram/libadf.a
LOAD /home/lex/tmp/my/open-ath9k-htc-firmware/target_firmware/magpie_fw_dev/build/k2_1_0/image/k2_ram/../../../..//build/k2_1_0/lib/ram/libwmi.a
LOAD /home/lex/tmp/my/open-ath9k-htc-firmware/target_firmware/magpie_fw_dev/build/k2_1_0/image/k2_ram/../../../..//build/k2_1_0/lib/ram/libwlan.a
LOAD /home/lex/tmp/my/open-ath9k-htc-firmware/target_firmware/magpie_fw_dev/build/k2_1_0/image/k2_ram/../../../..//build/k2_1_0/lib/ram/libcarrier_apd.a
LOAD /home/lex/tmp/my/open-ath9k-htc-firmware/target_firmware/magpie_fw_dev/build/k2_1_0/image/k2_ram/../../../..//build/k2_1_0/lib/ram/libbuf_pool.a
LOAD /home/lex/tmp/my/open-ath9k-htc-firmware/target_firmware/magpie_fw_dev/build/k2_1_0/image/k2_ram/../../../..//build/k2_1_0/lib/ram/libhif.a
LOAD /home/lex/tmp/my/open-ath9k-htc-firmware/target_firmware/magpie_fw_dev/build/k2_1_0/image/k2_ram/../../../..//build/k2_1_0/lib/ram/libhtc.a
END GROUP
OUTPUT(ram.out elf32-xtensa-be)

.debug_ranges   0x0000000000000000     0x11a0
 .debug_ranges  0x0000000000000000       0x48 /home/lex/tmp/my/open-ath9k-htc-firmware/target_firmware/magpie_fw_dev/build/k2_1_0/image/k2_ram/../../../..//build/k2_1_0/lib/ram/libwmi.a(wmi_svc.o)
 .debug_ranges  0x0000000000000048       0x30 /home/lex/tmp/my/open-ath9k-htc-firmware/target_firmware/magpie_fw_dev/build/k2_1_0/image/k2_ram/../../../..//build/k2_1_0/lib/ram/libcarrier_apd.a(if_ath_pci.o)
 .debug_ranges  0x0000000000000078      0x5f0 /home/lex/tmp/my/open-ath9k-htc-firmware/target_firmware/magpie_fw_dev/build/k2_1_0/image/k2_ram/../../../..//build/k2_1_0/lib/ram/libcarrier_apd.a(if_ath.o)
 .debug_ranges  0x0000000000000668      0x548 /home/lex/tmp/my/open-ath9k-htc-firmware/target_firmware/magpie_fw_dev/build/k2_1_0/image/k2_ram/../../../..//build/k2_1_0/lib/ram/libcarrier_apd.a(if_owl.o)
 .debug_ranges  0x0000000000000bb0      0x320 /home/lex/tmp/my/open-ath9k-htc-firmware/target_firmware/magpie_fw_dev/build/k2_1_0/image/k2_ram/../../../..//build/k2_1_0/lib/ram/libcarrier_apd.a(ratectrl_11n_ln.o)
 .debug_ranges  0x0000000000000ed0       0x88 /home/lex/tmp/my/open-ath9k-htc-firmware/target_firmware/magpie_fw_dev/build/k2_1_0/image/k2_ram/../../../..//build/k2_1_0/lib/ram/libcarrier_apd.a(ar5416_hw.o)
 .debug_ranges  0x0000000000000f58       0x30 /home/lex/tmp/my/open-ath9k-htc-firmware/target_firmware/magpie_fw_dev/build/k2_1_0/image/k2_ram/../../../..//build/k2_1_0/lib/ram/libcarrier_apd.a(ah_osdep.o)
 .debug_ranges  0x0000000000000f88       0x30 /home/lex/tmp/my/open-ath9k-htc-firmware/target_firmware/magpie_fw_dev/build/k2_1_0/image/k2_ram/../../../..//build/k2_1_0/lib/ram/libbuf_pool.a(buf_pool_static.o)
 .debug_ranges  0x0000000000000fb8       0x18 /home/lex/tmp/my/open-ath9k-htc-firmware/target_firmware/magpie_fw_dev/build/k2_1_0/image/k2_ram/../../../..//build/k2_1_0/lib/ram/libhif.a(k2_fw_usb_api.o)
 .debug_ranges  0x0000000000000fd0      0x1d0 /home/lex/tmp/my/open-ath9k-htc-firmware/target_firmware/magpie_fw_dev/build/k2_1_0/image/k2_ram/../../../..//build/k2_1_0/lib/ram/libhtc.a(htc.o)
